Microchip MPLAB XC8 Compiler V2.31

Linker command line:

-W-3 --edf=C:\Program Files\Microchip\xc8\v2.31\pic\dat\en_msgs.txt -cn \
  -h+dist/default/production\projectmaster.X.production.sym \
  --cmf=dist/default/production\projectmaster.X.production.cmf -z -Q16F887 \
  -oC:\Users\julit\AppData\Local\Temp\ss84.2 --defsym=__MPLAB_BUILD=1 \
  -Mdist/default/production/projectmaster.X.production.map -E1 \
  -ver=XC8 Compiler --acfsm=1493 -ASTACK=0110h-016Fh -pstack=STACK \
  -ACODE=00h-07FFhx4 -ASTRCODE=00h-01FFFh -ASTRING=00h-0FFhx32 \
  -ACONST=00h-0FFhx32 -AENTRY=00h-0FFhx32 -ACOMMON=070h-07Fh \
  -ABANK0=020h-06Fh -ABANK1=0A0h-0EFh -ABANK2=0110h-016Fh \
  -ABANK3=0190h-01EFh -ARAM=020h-06Fh,0A0h-0EFh,0110h-016Fh,0190h-01EFh \
  -AABS1=020h-07Fh,0A0h-0EFh,0110h-016Fh,0190h-01EFh -ASFR0=00h-01Fh \
  -ASFR1=080h-09Fh -ASFR2=0100h-010Fh -ASFR3=0180h-018Fh \
  -ACONFIG=02007h-02008h -DCONFIG=2 -AIDLOC=02000h-02003h -DIDLOC=2 \
  -AEEDATA=00h-0FFh/02100h -peeprom_data=EEDATA -DEEDATA=2 -DCODE=2 \
  -DSTRCODE=2 -DSTRING=2 -DCONST=2 -DENTRY=2 \
  -preset_vec=00h,intentry=04h,init,end_init -ppowerup=CODE -pcinit=CODE \
  -pfunctab=ENTRY -k C:\Users\julit\AppData\Local\Temp\ss84.o \
  dist/default/production\projectmaster.X.production.o 

Object code version is 3.11

Machine type is 16F887



                Name                               Link     Load   Length Selector   Space Scale
C:\Users\julit\AppData\Local\Temp\ss84.o
                end_init                              E        E        3        8       0
                reset_vec                             0        0        3        0       0
                config                             2007     2007        2        0       4
dist/default/production\projectmaster.X.production.o
                cinit                                11       11       13        8       0
                intentry                              4        4        A        8       0
                config                             2007     2007        2        0       4
                text24                              5A1      5A1       60        8       0
                text23                              6A5      6A5       31      D4A       0
                text22                              538      538       69        8       0
                text21                              7E8      7E8       17      D4A       0
                text20                              75F      75F       27      D4A       0
                text19                              36A      36A      120        8       0
                text18                              48A      48A       AE        8       0
                text17                              601      601       5F        8       0
                text16                              6D6      6D6       30      D4A       0
                text15                              FBB      FBB        D     1F76       0
                text14                              FEA      FEA       16     1FD4       0
                text13                              FD7      FD7       13     1FAE       0
                text12                              786      786       23      D4A       0
                text11                              734      734       2B      D4A       0
                text10                               24       24      1D6        8       0
                text9                               F91      F91        7     1F22       0
                text8                               706      706       2E      D4A       0
                text7                               FB0      FB0        B     1F60       0
                text6                               FC8      FC8        F     1F90       0
                text5                               7A9      7A9       21      D4A       0
                text4                               7CA      7CA       1E      D4A       0
                text3                               F98      F98        7     1F30       0
                text2                               FA7      FA7        9     1F4E       0
                text1                               F8B      F8B        6     1F16       0
                maintext                            1FA      1FA      170        8       0
                cstackBANK0                          20       20       1B       20       1
                cstackCOMMON                         76       76        6       70       1
                clrtext                             F9F      F9F        8     1F3E       0
                bssBANK0                             3B       3B       16       20       1
                bssCOMMON                            70       70        6       70       1
                strings                             660      660       45      CC0       0

TOTAL           Name                               Link     Load   Length     Space
        CLASS   STACK          

        CLASS   CODE           
                end_init                              E        E        3         0
                cinit                                11       11       13         0
                intentry                              4        4        A         0
                reset_vec                             0        0        3         0
                text24                              5A1      5A1       60         0
                text23                              6A5      6A5       31         0
                text22                              538      538       69         0
                text21                              7E8      7E8       17         0
                text20                              75F      75F       27         0
                text19                              36A      36A      120         0
                text18                              48A      48A       AE         0
                text17                              601      601       5F         0
                text16                              6D6      6D6       30         0
                text15                              FBB      FBB        D         0
                text14                              FEA      FEA       16         0
                text13                              FD7      FD7       13         0
                text12                              786      786       23         0
                text11                              734      734       2B         0
                text10                               24       24      1D6         0
                text9                               F91      F91        7         0
                text8                               706      706       2E         0
                text7                               FB0      FB0        B         0
                text6                               FC8      FC8        F         0
                text5                               7A9      7A9       21         0
                text4                               7CA      7CA       1E         0
                text3                               F98      F98        7         0
                text2                               FA7      FA7        9         0
                text1                               F8B      F8B        6         0
                maintext                            1FA      1FA      170         0
                clrtext                             F9F      F9F        8         0

        CLASS   STRCODE        

        CLASS   STRING         
                strings                             660      660       45         0

        CLASS   CONST          

        CLASS   ENTRY          

        CLASS   COMMON         
                cstackCOMMON                         76       76        6         1
                bssCOMMON                            70       70        6         1

        CLASS   BANK0          
                cstackBANK0                          20       20       1B         1
                bssBANK0                             3B       3B       16         1

        CLASS   BANK1          

        CLASS   BANK2          

        CLASS   BANK3          

        CLASS   RAM            

        CLASS   ABS1           
                abs_s1                               7E       7E        2         1

        CLASS   SFR0           

        CLASS   SFR1           

        CLASS   SFR2           

        CLASS   SFR3           

        CLASS   CONFIG         
                config                             2007     2007        2         4

        CLASS   IDLOC          

        CLASS   EEDATA         



SEGMENTS        Name                           Load    Length   Top    Selector   Space  Class     Delta

                reset_vec                      000000  000003  000003         0       0  CODE        2
                intentry                       000004  00065C  000660         8       0  CODE        2
                cstackBANK0                    000020  000031  000051        20       1  BANK0       1
                bssCOMMON                      000070  00000C  00007C        70       1  COMMON      1
                strings                        000660  000045  0006A5       CC0       0  STRING      2
                text23                         0006A5  00015A  0007FF       D4A       0  CODE        2
                text1                          000F8B  000006  000F91      1F16       0  CODE        2
                text9                          000F91  000007  000F98      1F22       0  CODE        2
                text3                          000F98  000007  000F9F      1F30       0  CODE        2
                clrtext                        000F9F  000008  000FA7      1F3E       0  CODE        2
                text2                          000FA7  000009  000FB0      1F4E       0  CODE        2
                text7                          000FB0  00000B  000FBB      1F60       0  CODE        2
                text15                         000FBB  00000D  000FC8      1F76       0  CODE        2
                text6                          000FC8  00000F  000FD7      1F90       0  CODE        2
                text13                         000FD7  000013  000FEA      1FAE       0  CODE        2
                text14                         000FEA  000016  001000      1FD4       0  CODE        2


UNUSED ADDRESS RANGES

        Name                Unused          Largest block    Delta
        BANK0            0051-006F             1F           1
        BANK1            00A0-00EF             50           1
        BANK2            0110-016F             60           1
        BANK3            0190-01EF             60           1
        CODE             0003-0003              1           2
                         07FF-0F8A              1
                         1000-1FFF            800
        COMMON           007C-007D              2           1
        CONST            0003-0003              1           2
                         07FF-0F8A            100
                         1000-1FFF            100
        EEDATA           2100-21FF            100           2
        ENTRY            0003-0003              1           2
                         07FF-0F8A            100
                         1000-1FFF            100
        IDLOC            2000-2003              4           2
        RAM              0051-006F             1F           1
                         00A0-00EF             50
                         0110-016F             60
                         0190-01EF             60
        SFR0             0000-001F             20           1
        SFR1             0080-009F             20           1
        SFR2             0100-010F             10           1
        SFR3             0180-018F             10           1
        STACK            0110-016F             60           1
        STRCODE          0003-0003              1           2
                         07FF-0F8A            78C
                         1000-1FFF           1000
        STRING           0003-0003              1           2
                         07FF-0F8A            100
                         1000-1FFF            100

                                  Symbol Table

?___awdiv                cstackBANK0  0026
?___wmul                 cstackBANK0  0020
LCDVAL1@Z                cstackBANK0  002D
LCDVAL1@x                cstackBANK0  002B
LCD_ON@C                 cstackBANK0  0022
LCD_P@D                  cstackBANK0  0023
LCD_PLAY@D               cstackBANK0  0021
LCD_POINT@D              cstackBANK0  0028
LCD_POINT@LOC            cstackBANK0  002A
LCD_POINT@x              cstackBANK0  0024
LCD_POINT@y              cstackBANK0  0026
_ANSEL                   (abs)        0188
_ANSELH                  (abs)        0189
_BAUDCTLbits             (abs)        0187
_C                       bssBANK0     004C
_CONT                    text19       036A
_CONV                    text18       048A
_CONV$1331               cstackBANK0  0037
_CONVET_cont             text17       0601
_CONV_AS                 text16       06D6
_INTCONbits              (abs)        000B
_L                       bssBANK0     0050
_LCDVAL1                 text10       0024
_LCD_CL                  text9        0F91
_LCD_IN                  text8        0706
_LCD_ON                  text14       0FEA
_LCD_P                   text12       0786
_LCD_PLAY                text13       0FD7
_LCD_POINT               text11       0734
_LCD_TIM                 text15       0FBB
_OPTION_REGbits          (abs)        0081
_OSCCONbits              (abs)        008F
_PIE1bits                (abs)        008C
_PIR1bits                (abs)        000C
_PORTA                   (abs)        0005
_PORTB                   (abs)        0006
_PORTC                   (abs)        0007
_PORTD                   (abs)        0008
_PORTDbits               (abs)        0008
_PORTE                   (abs)        0009
_PORTEbits               (abs)        0009
_POT1_H                  bssBANK0     0047
_POT1_Has                bssBANK0     003C
_POT1_T                  bssBANK0     0046
_POT1_Tas                bssBANK0     003B
_POT1_U                  bssBANK0     0048
_POT1_Uas                bssCOMMON    0070
_R                       bssBANK0     004F
_RCSTAbits               (abs)        0018
_SET_RXT                 text7        0FB0
_SET_TXR                 text6        0FC8
_SPBRG                   (abs)        0099
_SPBRGH                  (abs)        009A
_SSPBUF                  (abs)        0013
_SSPCON                  (abs)        0014
_SSPSTAT                 (abs)        0094
_SSPSTATbits             (abs)        0094
_Setup                   text5        07A9
_TEM_H                   bssBANK0     0043
_TEM_HAS                 bssCOMMON    0072
_TEM_T                   bssBANK0     0044
_TEM_TAS                 bssCOMMON    0073
_TEM_U                   bssBANK0     0045
_TEM_UAS                 bssCOMMON    0074
_TMR0                    (abs)        0001
_TRISA                   (abs)        0085
_TRISB                   (abs)        0086
_TRISC                   (abs)        0087
_TRISC3                  (abs)        043B
_TRISC5                  (abs)        043D
_TRISD                   (abs)        0088
_TRISDbits               (abs)        0088
_TRISE                   (abs)        0089
_TXREG                   (abs)        0019
_TXSTAbits               (abs)        0098
_Z                       bssBANK0     004E
__Habs1                  abs1         0000
__Hbank0                 bank0        0000
__Hbank1                 bank1        0000
__Hbank2                 bank2        0000
__Hbank3                 bank3        0000
__HbssBANK0              bssBANK0     0000
__HbssCOMMON             bssCOMMON    0000
__Hcinit                 cinit        0024
__Hclrtext               clrtext      0000
__Hcode                  code         0000
__Hcommon                common       0000
__Hconfig                config       2009
__HcstackBANK0           cstackBANK0  0000
__HcstackCOMMON          cstackCOMMON 0000
__Heeprom_data           eeprom_data  0000
__Hend_init              end_init     0011
__Hfunctab               functab      0000
__Hinit                  init         000E
__Hintentry              intentry     000E
__Hmaintext              maintext     0000
__Hpowerup               powerup      0000
__Hram                   ram          0000
__Hreset_vec             reset_vec    0003
__Hsfr0                  sfr0         0000
__Hsfr1                  sfr1         0000
__Hsfr2                  sfr2         0000
__Hsfr3                  sfr3         0000
__Hspace_0               (abs)        1000
__Hspace_1               (abs)        007C
__Hspace_2               (abs)        0000
__Hspace_3               (abs)        0000
__Hspace_4               (abs)        4010
__Hstack                 stack        0000
__Hstrings               strings      0000
__Htext                  text         0000
__Labs1                  abs1         0000
__Lbank0                 bank0        0000
__Lbank1                 bank1        0000
__Lbank2                 bank2        0000
__Lbank3                 bank3        0000
__LbssBANK0              bssBANK0     0000
__LbssCOMMON             bssCOMMON    0000
__Lcinit                 cinit        0011
__Lclrtext               clrtext      0000
__Lcode                  code         0000
__Lcommon                common       0000
__Lconfig                config       0000
__LcstackBANK0           cstackBANK0  0000
__LcstackCOMMON          cstackCOMMON 0000
__Leeprom_data           eeprom_data  0000
__Lend_init              end_init     000E
__Lfunctab               functab      0000
__Linit                  init         000E
__Lintentry              intentry     0004
__Lmaintext              maintext     0000
__Lpowerup               powerup      0000
__Lram                   ram          0000
__Lreset_vec             reset_vec    0000
__Lsfr0                  sfr0         0000
__Lsfr1                  sfr1         0000
__Lsfr2                  sfr2         0000
__Lsfr3                  sfr3         0000
__Lspace_0               (abs)        0000
__Lspace_1               (abs)        0000
__Lspace_2               (abs)        0000
__Lspace_3               (abs)        0000
__Lspace_4               (abs)        0000
__Lstack                 stack        0000
__Lstrings               strings      0000
__Ltext                  text         0000
__S0                     (abs)        1000
__S1                     (abs)        007C
__S2                     (abs)        0000
__S3                     (abs)        0000
___awdiv                 text22       0538
___awdiv@counter         cstackBANK0  002B
___awdiv@dividend        cstackBANK0  0028
___awdiv@divisor         cstackBANK0  0026
___awdiv@quotient        cstackBANK0  002D
___awdiv@sign            cstackBANK0  002C
___bmul                  text21       07E8
___bmul@multiplicand     cstackBANK0  0020
___bmul@multiplier       cstackBANK0  0023
___bmul@product          cstackBANK0  0022
___int_sp                stack        0000
___latbits               (abs)        0002
___sp                    stack        0000
___stackhi               (abs)        0000
___stacklo               (abs)        0000
___wmul                  text20       075F
___wmul@multiplicand     cstackBANK0  0022
___wmul@multiplier       cstackBANK0  0020
___wmul@product          cstackBANK0  0024
__end_of_CONT            text19       048A
__end_of_CONV            text18       0538
__end_of_CONVET_cont     text17       0660
__end_of_CONV_AS         text16       0706
__end_of_LCDVAL1         text10       01FA
__end_of_LCD_CL          text9        0F98
__end_of_LCD_IN          text8        0734
__end_of_LCD_ON          text14       1000
__end_of_LCD_P           text12       07A9
__end_of_LCD_PLAY        text13       0FEA
__end_of_LCD_POINT       text11       075F
__end_of_LCD_TIM         text15       0FC8
__end_of_SET_RXT         text7        0FBB
__end_of_SET_TXR         text6        0FD7
__end_of_Setup           text5        07CA
__end_of___awdiv         text22       05A1
__end_of___bmul          text21       07FF
__end_of___wmul          text20       0786
__end_of__initialization cinit        0020
__end_of__stringtab      strings      0666
__end_of_isr             text23       06D6
__end_of_main            maintext     036A
__end_of_send            text24       0601
__end_of_spiInit         text4        07E8
__end_of_spiRead         text2        0FB0
__end_of_spiReceiveWait  text3        0F9F
__end_of_spiWrite        text1        0F91
__initialization         cinit        0011
__pbssBANK0              bssBANK0     003B
__pbssCOMMON             bssCOMMON    0070
__pcstackBANK0           cstackBANK0  0020
__pcstackCOMMON          cstackCOMMON 0076
__pintentry              intentry     0004
__pmaintext              maintext     01FA
__pstrings               strings      0660
__ptext1                 text1        0F8B
__ptext10                text10       0024
__ptext11                text11       0734
__ptext12                text12       0786
__ptext13                text13       0FD7
__ptext14                text14       0FEA
__ptext15                text15       0FBB
__ptext16                text16       06D6
__ptext17                text17       0601
__ptext18                text18       048A
__ptext19                text19       036A
__ptext2                 text2        0FA7
__ptext20                text20       075F
__ptext21                text21       07E8
__ptext22                text22       0538
__ptext23                text23       06A5
__ptext24                text24       05A1
__ptext3                 text3        0F98
__ptext4                 text4        07CA
__ptext5                 text5        07A9
__ptext6                 text6        0FC8
__ptext7                 text7        0FB0
__ptext8                 text8        0706
__ptext9                 text9        0F91
__size_of_CONT           (abs)        0000
__size_of_CONV           (abs)        0000
__size_of_CONVET_cont    (abs)        0000
__size_of_CONV_AS        (abs)        0000
__size_of_LCDVAL1        (abs)        0000
__size_of_LCD_CL         (abs)        0000
__size_of_LCD_IN         (abs)        0000
__size_of_LCD_ON         (abs)        0000
__size_of_LCD_P          (abs)        0000
__size_of_LCD_PLAY       (abs)        0000
__size_of_LCD_POINT      (abs)        0000
__size_of_LCD_TIM        (abs)        0000
__size_of_SET_RXT        (abs)        0000
__size_of_SET_TXR        (abs)        0000
__size_of_Setup          (abs)        0000
__size_of___awdiv        (abs)        0000
__size_of___bmul         (abs)        0000
__size_of___wmul         (abs)        0000
__size_of_isr            (abs)        0000
__size_of_main           (abs)        0000
__size_of_send           (abs)        0000
__size_of_spiInit        (abs)        0000
__size_of_spiRead        (abs)        0000
__size_of_spiReceiveWait (abs)        0000
__size_of_spiWrite       (abs)        0000
__stringbase             strings      0665
__stringtab              strings      0660
_bro                     bssBANK0     0049
_c                       bssBANK0     004B
_cont                    bssBANK0     003F
_cont_1                  bssBANK0     0042
_cont_1AS                bssCOMMON    0071
_cont_2                  bssBANK0     0041
_cont_2AS                bssBANK0     003E
_cont_3                  bssBANK0     0040
_cont_3AS                bssBANK0     003D
_isr                     text23       06A5
_main                    maintext     01FA
_r                       bssCOMMON    0075
_send                    text24       05A1
_sign                    bssBANK0     004A
_spiInit                 text4        07CA
_spiRead                 text2        0FA7
_spiReceiveWait          text3        0F98
_spiWrite                text1        0F8B
_z                       bssBANK0     004D
btemp                    (abs)        007E
clear_ram0               clrtext      0F9F
end_of_initialization    cinit        0020
interrupt_function       intentry     0004
intlevel0                functab      0000
intlevel1                functab      0000
intlevel2                functab      0000
intlevel3                functab      0000
intlevel4                functab      0000
intlevel5                functab      0000
reset_vec                reset_vec    0000
saved_w                  (abs)        007E
spiInit@sClockIdle       cstackBANK0  0021
spiInit@sDataSample      cstackBANK0  0020
spiInit@sTransmitEdge    cstackBANK0  0022
spiInit@sType            cstackBANK0  0023
spiWrite@dat             cstackBANK0  0020
start                    init         000E
start_initialization     cinit        0011
wtemp0                   (abs)        007E


FUNCTION INFORMATION:

 *************** function _main *****************
 Defined at:
		line 71 in file "master.c"
 Parameters:    Size  Location     Type
		None
 Auto vars:     Size  Location     Type
		None
 Return value:  Size  Location     Type
                  1    wreg      void 
 Registers used:
		wreg, fsr0l, fsr0h, status,2, status,0, pclath, cstack
 Tracked objects:
		On entry : 
		On exit  : 
		Unchanged: 
 Data sizes:     COMMON   BANK0   BANK1   BANK3   BANK2
      Params:         0       0       0       0       0
      Locals:         0       0       0       0       0
      Temps:          0       2       0       0       0
      Totals:         0       2       0       0       0
Total ram usage:        2 bytes
 Hardware stack levels required when called:    7
 This function calls:
		_CONT
		_CONV
		_CONVET_cont
		_CONV_AS
		_LCDVAL1
		_LCD_CL
		_LCD_IN
		_LCD_POINT
		_SET_RXT
		_SET_TXR
		_Setup
		_spiInit
		_spiRead
		_spiWrite
 This function is called by:
		Startup code after reset
 This function uses a non-reentrant model


 *************** function _spiWrite *****************
 Defined at:
		line 28 in file "MSSP.c"
 Parameters:    Size  Location     Type
  dat             1    wreg     unsigned char 
 Auto vars:     Size  Location     Type
  dat             1    0[BANK0 ] unsigned char 
 Return value:  Size  Location     Type
                  1    wreg      void 
 Registers used:
		wreg
 Tracked objects:
		On entry : 
		On exit  : 
		Unchanged: 
 Data sizes:     COMMON   BANK0   BANK1   BANK3   BANK2
      Params:         0       0       0       0       0
      Locals:         0       1       0       0       0
      Temps:          0       0       0       0       0
      Totals:         0       1       0       0       0
Total ram usage:        1 bytes
 Hardware stack levels used:    1
 Hardware stack levels required when called:    2
 This function calls:
		Nothing
 This function is called by:
		_main
 This function uses a non-reentrant model


 *************** function _spiRead *****************
 Defined at:
		line 41 in file "MSSP.c"
 Parameters:    Size  Location     Type
		None
 Auto vars:     Size  Location     Type
		None
 Return value:  Size  Location     Type
                  1    wreg      unsigned char 
 Registers used:
		wreg, status,2, status,0, pclath, cstack
 Tracked objects:
		On entry : 
		On exit  : 
		Unchanged: 
 Data sizes:     COMMON   BANK0   BANK1   BANK3   BANK2
      Params:         0       0       0       0       0
      Locals:         0       0       0       0       0
      Temps:          0       0       0       0       0
      Totals:         0       0       0       0       0
Total ram usage:        0 bytes
 Hardware stack levels used:    1
 Hardware stack levels required when called:    3
 This function calls:
		_spiReceiveWait
 This function is called by:
		_main
 This function uses a non-reentrant model


 *************** function _spiReceiveWait *****************
 Defined at:
		line 23 in file "MSSP.c"
 Parameters:    Size  Location     Type
		None
 Auto vars:     Size  Location     Type
		None
 Return value:  Size  Location     Type
                  1    wreg      void 
 Registers used:
		None
 Tracked objects:
		On entry : 
		On exit  : 
		Unchanged: 
 Data sizes:     COMMON   BANK0   BANK1   BANK3   BANK2
      Params:         0       0       0       0       0
      Locals:         0       0       0       0       0
      Temps:          0       0       0       0       0
      Totals:         0       0       0       0       0
Total ram usage:        0 bytes
 Hardware stack levels used:    1
 Hardware stack levels required when called:    2
 This function calls:
		Nothing
 This function is called by:
		_spiRead
 This function uses a non-reentrant model


 *************** function _spiInit *****************
 Defined at:
		line 6 in file "MSSP.c"
 Parameters:    Size  Location     Type
  sType           1    wreg     enum E1264
  sDataSample     1    0[BANK0 ] enum E1272
  sClockIdle      1    1[BANK0 ] enum E1276
  sTransmitEdg    1    2[BANK0 ] enum E1280
 Auto vars:     Size  Location     Type
  sType           1    3[BANK0 ] enum E1264
 Return value:  Size  Location     Type
                  1    wreg      void 
 Registers used:
		wreg, status,2, status,0
 Tracked objects:
		On entry : 
		On exit  : 
		Unchanged: 
 Data sizes:     COMMON   BANK0   BANK1   BANK3   BANK2
      Params:         0       3       0       0       0
      Locals:         0       1       0       0       0
      Temps:          0       0       0       0       0
      Totals:         0       4       0       0       0
Total ram usage:        4 bytes
 Hardware stack levels used:    1
 Hardware stack levels required when called:    2
 This function calls:
		Nothing
 This function is called by:
		_main
 This function uses a non-reentrant model


 *************** function _Setup *****************
 Defined at:
		line 132 in file "master.c"
 Parameters:    Size  Location     Type
		None
 Auto vars:     Size  Location     Type
		None
 Return value:  Size  Location     Type
                  1    wreg      void 
 Registers used:
		wreg, status,2
 Tracked objects:
		On entry : 
		On exit  : 
		Unchanged: 
 Data sizes:     COMMON   BANK0   BANK1   BANK3   BANK2
      Params:         0       0       0       0       0
      Locals:         0       0       0       0       0
      Temps:          0       0       0       0       0
      Totals:         0       0       0       0       0
Total ram usage:        0 bytes
 Hardware stack levels used:    1
 Hardware stack levels required when called:    2
 This function calls:
		Nothing
 This function is called by:
		_main
 This function uses a non-reentrant model


 *************** function _SET_TXR *****************
 Defined at:
		line 3 in file "EUSART.c"
 Parameters:    Size  Location     Type
		None
 Auto vars:     Size  Location     Type
		None
 Return value:  Size  Location     Type
                  1    wreg      void 
 Registers used:
		wreg, status,2
 Tracked objects:
		On entry : 
		On exit  : 
		Unchanged: 
 Data sizes:     COMMON   BANK0   BANK1   BANK3   BANK2
      Params:         0       0       0       0       0
      Locals:         0       0       0       0       0
      Temps:          0       0       0       0       0
      Totals:         0       0       0       0       0
Total ram usage:        0 bytes
 Hardware stack levels used:    1
 Hardware stack levels required when called:    2
 This function calls:
		Nothing
 This function is called by:
		_main
 This function uses a non-reentrant model


 *************** function _SET_RXT *****************
 Defined at:
		line 12 in file "EUSART.c"
 Parameters:    Size  Location     Type
		None
 Auto vars:     Size  Location     Type
		None
 Return value:  Size  Location     Type
                  1    wreg      void 
 Registers used:
		None
 Tracked objects:
		On entry : 
		On exit  : 
		Unchanged: 
 Data sizes:     COMMON   BANK0   BANK1   BANK3   BANK2
      Params:         0       0       0       0       0
      Locals:         0       0       0       0       0
      Temps:          0       0       0       0       0
      Totals:         0       0       0       0       0
Total ram usage:        0 bytes
 Hardware stack levels used:    1
 Hardware stack levels required when called:    2
 This function calls:
		Nothing
 This function is called by:
		_main
 This function uses a non-reentrant model


 *************** function _LCD_IN *****************
 Defined at:
		line 4 in file "SETLCD.c"
 Parameters:    Size  Location     Type
		None
 Auto vars:     Size  Location     Type
		None
 Return value:  Size  Location     Type
                  1    wreg      void 
 Registers used:
		wreg, status,2, status,0, pclath, cstack
 Tracked objects:
		On entry : 
		On exit  : 
		Unchanged: 
 Data sizes:     COMMON   BANK0   BANK1   BANK3   BANK2
      Params:         0       0       0       0       0
      Locals:         0       0       0       0       0
      Temps:          0       2       0       0       0
      Totals:         0       2       0       0       0
Total ram usage:        2 bytes
 Hardware stack levels used:    1
 Hardware stack levels required when called:    4
 This function calls:
		_LCD_ON
 This function is called by:
		_main
 This function uses a non-reentrant model


 *************** function _LCD_CL *****************
 Defined at:
		line 34 in file "SETLCD.c"
 Parameters:    Size  Location     Type
		None
 Auto vars:     Size  Location     Type
		None
 Return value:  Size  Location     Type
                  1    wreg      void 
 Registers used:
		wreg, status,2, status,0, pclath, cstack
 Tracked objects:
		On entry : 
		On exit  : 
		Unchanged: 
 Data sizes:     COMMON   BANK0   BANK1   BANK3   BANK2
      Params:         0       0       0       0       0
      Locals:         0       0       0       0       0
      Temps:          0       0       0       0       0
      Totals:         0       0       0       0       0
Total ram usage:        0 bytes
 Hardware stack levels used:    1
 Hardware stack levels required when called:    4
 This function calls:
		_LCD_ON
 This function is called by:
		_main
 This function uses a non-reentrant model


 *************** function _LCDVAL1 *****************
 Defined at:
		line 59 in file "SETLCD.c"
 Parameters:    Size  Location     Type
  x               2   11[BANK0 ] int 
  Z               2   13[BANK0 ] int 
 Auto vars:     Size  Location     Type
		None
 Return value:  Size  Location     Type
                  1    wreg      void 
 Registers used:
		wreg, fsr0l, fsr0h, status,2, status,0, pclath, cstack
 Tracked objects:
		On entry : 
		On exit  : 
		Unchanged: 
 Data sizes:     COMMON   BANK0   BANK1   BANK3   BANK2
      Params:         0       4       0       0       0
      Locals:         0       0       0       0       0
      Temps:          0       1       0       0       0
      Totals:         0       5       0       0       0
Total ram usage:        5 bytes
 Hardware stack levels used:    1
 Hardware stack levels required when called:    6
 This function calls:
		_LCD_POINT
 This function is called by:
		_main
 This function uses a non-reentrant model


 *************** function _LCD_POINT *****************
 Defined at:
		line 43 in file "SETLCD.c"
 Parameters:    Size  Location     Type
  x               2    4[BANK0 ] int 
  y               2    6[BANK0 ] int 
  D               1    8[BANK0 ] PTR unsigned char 
		 -> STR_23(2), STR_22(2), STR_21(3), STR_20(2), 
		 -> STR_19(2), STR_18(2), STR_17(2), STR_16(2), 
		 -> STR_15(2), STR_14(2), STR_13(2), STR_12(2), 
		 -> STR_11(2), STR_10(2), STR_9(2), STR_8(2), 
		 -> STR_7(2), STR_6(2), STR_5(2), STR_4(2), 
		 -> STR_3(2), STR_2(2), STR_1(18), 
 Auto vars:     Size  Location     Type
  LOC             1   10[BANK0 ] unsigned char 
 Return value:  Size  Location     Type
                  1    wreg      void 
 Registers used:
		wreg, fsr0l, fsr0h, status,2, status,0, pclath, cstack
 Tracked objects:
		On entry : 
		On exit  : 
		Unchanged: 
 Data sizes:     COMMON   BANK0   BANK1   BANK3   BANK2
      Params:         0       5       0       0       0
      Locals:         0       1       0       0       0
      Temps:          0       1       0       0       0
      Totals:         0       7       0       0       0
Total ram usage:        7 bytes
 Hardware stack levels used:    1
 Hardware stack levels required when called:    5
 This function calls:
		_LCD_ON
		_LCD_P
 This function is called by:
		_main
		_LCDVAL1
 This function uses a non-reentrant model


 *************** function _LCD_P *****************
 Defined at:
		line 37 in file "SETLCD.c"
 Parameters:    Size  Location     Type
  D               1    wreg     PTR unsigned char 
		 -> STR_23(2), STR_22(2), STR_21(3), STR_20(2), 
		 -> STR_19(2), STR_18(2), STR_17(2), STR_16(2), 
		 -> STR_15(2), STR_14(2), STR_13(2), STR_12(2), 
		 -> STR_11(2), STR_10(2), STR_9(2), STR_8(2), 
		 -> STR_7(2), STR_6(2), STR_5(2), STR_4(2), 
		 -> STR_3(2), STR_2(2), STR_1(18), 
 Auto vars:     Size  Location     Type
  D               1    3[BANK0 ] PTR unsigned char 
		 -> STR_23(2), STR_22(2), STR_21(3), STR_20(2), 
		 -> STR_19(2), STR_18(2), STR_17(2), STR_16(2), 
		 -> STR_15(2), STR_14(2), STR_13(2), STR_12(2), 
		 -> STR_11(2), STR_10(2), STR_9(2), STR_8(2), 
		 -> STR_7(2), STR_6(2), STR_5(2), STR_4(2), 
		 -> STR_3(2), STR_2(2), STR_1(18), 
 Return value:  Size  Location     Type
                  1    wreg      void 
 Registers used:
		wreg, fsr0l, fsr0h, status,2, status,0, pclath, cstack
 Tracked objects:
		On entry : 
		On exit  : 
		Unchanged: 
 Data sizes:     COMMON   BANK0   BANK1   BANK3   BANK2
      Params:         0       0       0       0       0
      Locals:         0       1       0       0       0
      Temps:          0       1       0       0       0
      Totals:         0       2       0       0       0
Total ram usage:        2 bytes
 Hardware stack levels used:    1
 Hardware stack levels required when called:    4
 This function calls:
		_LCD_PLAY
 This function is called by:
		_LCD_POINT
 This function uses a non-reentrant model


 *************** function _LCD_PLAY *****************
 Defined at:
		line 28 in file "SETLCD.c"
 Parameters:    Size  Location     Type
  D               1    wreg     unsigned char 
 Auto vars:     Size  Location     Type
  D               1    1[BANK0 ] unsigned char 
 Return value:  Size  Location     Type
                  1    wreg      void 
 Registers used:
		wreg, status,2, status,0, pclath, cstack
 Tracked objects:
		On entry : 
		On exit  : 
		Unchanged: 
 Data sizes:     COMMON   BANK0   BANK1   BANK3   BANK2
      Params:         0       0       0       0       0
      Locals:         0       1       0       0       0
      Temps:          0       1       0       0       0
      Totals:         0       2       0       0       0
Total ram usage:        2 bytes
 Hardware stack levels used:    1
 Hardware stack levels required when called:    3
 This function calls:
		_LCD_TIM
 This function is called by:
		_LCD_P
 This function uses a non-reentrant model


 *************** function _LCD_ON *****************
 Defined at:
		line 17 in file "SETLCD.c"
 Parameters:    Size  Location     Type
  C               1    wreg     unsigned char 
 Auto vars:     Size  Location     Type
  C               1    2[BANK0 ] unsigned char 
 Return value:  Size  Location     Type
                  1    wreg      void 
 Registers used:
		wreg, status,2, status,0, pclath, cstack
 Tracked objects:
		On entry : 
		On exit  : 
		Unchanged: 
 Data sizes:     COMMON   BANK0   BANK1   BANK3   BANK2
      Params:         0       0       0       0       0
      Locals:         0       1       0       0       0
      Temps:          0       2       0       0       0
      Totals:         0       3       0       0       0
Total ram usage:        3 bytes
 Hardware stack levels used:    1
 Hardware stack levels required when called:    3
 This function calls:
		_LCD_TIM
 This function is called by:
		_LCD_IN
		_LCD_CL
		_LCD_POINT
 This function uses a non-reentrant model


 *************** function _LCD_TIM *****************
 Defined at:
		line 23 in file "SETLCD.c"
 Parameters:    Size  Location     Type
		None
 Auto vars:     Size  Location     Type
		None
 Return value:  Size  Location     Type
                  1    wreg      void 
 Registers used:
		None
 Tracked objects:
		On entry : 
		On exit  : 
		Unchanged: 
 Data sizes:     COMMON   BANK0   BANK1   BANK3   BANK2
      Params:         0       0       0       0       0
      Locals:         0       0       0       0       0
      Temps:          0       0       0       0       0
      Totals:         0       0       0       0       0
Total ram usage:        0 bytes
 Hardware stack levels used:    1
 Hardware stack levels required when called:    2
 This function calls:
		Nothing
 This function is called by:
		_LCD_ON
		_LCD_PLAY
 This function uses a non-reentrant model


 *************** function _CONV_AS *****************
 Defined at:
		line 198 in file "master.c"
 Parameters:    Size  Location     Type
		None
 Auto vars:     Size  Location     Type
		None
 Return value:  Size  Location     Type
                  1    wreg      void 
 Registers used:
		wreg, status,2, status,0
 Tracked objects:
		On entry : 
		On exit  : 
		Unchanged: 
 Data sizes:     COMMON   BANK0   BANK1   BANK3   BANK2
      Params:         0       0       0       0       0
      Locals:         0       0       0       0       0
      Temps:          0       1       0       0       0
      Totals:         0       1       0       0       0
Total ram usage:        1 bytes
 Hardware stack levels used:    1
 Hardware stack levels required when called:    2
 This function calls:
		Nothing
 This function is called by:
		_main
 This function uses a non-reentrant model


 *************** function _CONVET_cont *****************
 Defined at:
		line 193 in file "master.c"
 Parameters:    Size  Location     Type
		None
 Auto vars:     Size  Location     Type
		None
 Return value:  Size  Location     Type
                  1    wreg      void 
 Registers used:
		wreg, status,2, status,0, pclath, cstack
 Tracked objects:
		On entry : 
		On exit  : 
		Unchanged: 
 Data sizes:     COMMON   BANK0   BANK1   BANK3   BANK2
      Params:         0       0       0       0       0
      Locals:         0       0       0       0       0
      Temps:          0       4       0       0       0
      Totals:         0       4       0       0       0
Total ram usage:        4 bytes
 Hardware stack levels used:    1
 Hardware stack levels required when called:    3
 This function calls:
		___awdiv
		___bmul
		___wmul
 This function is called by:
		_main
 This function uses a non-reentrant model


 *************** function _CONV *****************
 Defined at:
		line 168 in file "master.c"
 Parameters:    Size  Location     Type
		None
 Auto vars:     Size  Location     Type
		None
 Return value:  Size  Location     Type
                  1    wreg      void 
 Registers used:
		wreg, status,2, status,0, pclath, cstack
 Tracked objects:
		On entry : 
		On exit  : 
		Unchanged: 
 Data sizes:     COMMON   BANK0   BANK1   BANK3   BANK2
      Params:         0       0       0       0       0
      Locals:         0       2       0       0       0
      Temps:          0       8       0       0       0
      Totals:         0      10       0       0       0
Total ram usage:       10 bytes
 Hardware stack levels used:    1
 Hardware stack levels required when called:    3
 This function calls:
		___awdiv
		___bmul
		___wmul
 This function is called by:
		_main
 This function uses a non-reentrant model


 *************** function _CONT *****************
 Defined at:
		line 174 in file "master.c"
 Parameters:    Size  Location     Type
		None
 Auto vars:     Size  Location     Type
		None
 Return value:  Size  Location     Type
                  1    wreg      void 
 Registers used:
		wreg, status,2, status,0, pclath, cstack
 Tracked objects:
		On entry : 
		On exit  : 
		Unchanged: 
 Data sizes:     COMMON   BANK0   BANK1   BANK3   BANK2
      Params:         0       0       0       0       0
      Locals:         0       0       0       0       0
      Temps:          0       4       0       0       0
      Totals:         0       4       0       0       0
Total ram usage:        4 bytes
 Hardware stack levels used:    1
 Hardware stack levels required when called:    3
 This function calls:
		___awdiv
		___bmul
		___wmul
 This function is called by:
		_main
 This function uses a non-reentrant model


 *************** function ___wmul *****************
 Defined at:
		line 15 in file "C:\Program Files\Microchip\xc8\v2.31\pic\sources\c90\common\Umul16.c"
 Parameters:    Size  Location     Type
  multiplier      2    0[BANK0 ] unsigned int 
  multiplicand    2    2[BANK0 ] unsigned int 
 Auto vars:     Size  Location     Type
  product         2    4[BANK0 ] unsigned int 
 Return value:  Size  Location     Type
                  2    0[BANK0 ] unsigned int 
 Registers used:
		wreg, status,2, status,0
 Tracked objects:
		On entry : 
		On exit  : 
		Unchanged: 
 Data sizes:     COMMON   BANK0   BANK1   BANK3   BANK2
      Params:         0       4       0       0       0
      Locals:         0       2       0       0       0
      Temps:          0       0       0       0       0
      Totals:         0       6       0       0       0
Total ram usage:        6 bytes
 Hardware stack levels used:    1
 Hardware stack levels required when called:    2
 This function calls:
		Nothing
 This function is called by:
		_CONV
		_CONT
		_CONVET_cont
 This function uses a non-reentrant model


 *************** function ___bmul *****************
 Defined at:
		line 4 in file "C:\Program Files\Microchip\xc8\v2.31\pic\sources\c90\common\Umul8.c"
 Parameters:    Size  Location     Type
  multiplier      1    wreg     unsigned char 
  multiplicand    1    0[BANK0 ] unsigned char 
 Auto vars:     Size  Location     Type
  multiplier      1    3[BANK0 ] unsigned char 
  product         1    2[BANK0 ] unsigned char 
 Return value:  Size  Location     Type
                  1    wreg      unsigned char 
 Registers used:
		wreg, status,2, status,0
 Tracked objects:
		On entry : 
		On exit  : 
		Unchanged: 
 Data sizes:     COMMON   BANK0   BANK1   BANK3   BANK2
      Params:         0       1       0       0       0
      Locals:         0       2       0       0       0
      Temps:          0       1       0       0       0
      Totals:         0       4       0       0       0
Total ram usage:        4 bytes
 Hardware stack levels used:    1
 Hardware stack levels required when called:    2
 This function calls:
		Nothing
 This function is called by:
		_CONV
		_CONT
		_CONVET_cont
 This function uses a non-reentrant model


 *************** function ___awdiv *****************
 Defined at:
		line 5 in file "C:\Program Files\Microchip\xc8\v2.31\pic\sources\c90\common\awdiv.c"
 Parameters:    Size  Location     Type
  divisor         2    6[BANK0 ] int 
  dividend        2    8[BANK0 ] int 
 Auto vars:     Size  Location     Type
  quotient        2   13[BANK0 ] int 
  sign            1   12[BANK0 ] unsigned char 
  counter         1   11[BANK0 ] unsigned char 
 Return value:  Size  Location     Type
                  2    6[BANK0 ] int 
 Registers used:
		wreg, status,2, status,0
 Tracked objects:
		On entry : 
		On exit  : 
		Unchanged: 
 Data sizes:     COMMON   BANK0   BANK1   BANK3   BANK2
      Params:         0       4       0       0       0
      Locals:         0       4       0       0       0
      Temps:          0       1       0       0       0
      Totals:         0       9       0       0       0
Total ram usage:        9 bytes
 Hardware stack levels used:    1
 Hardware stack levels required when called:    2
 This function calls:
		Nothing
 This function is called by:
		_CONV
		_CONT
		_CONVET_cont
 This function uses a non-reentrant model


 *************** function _isr *****************
 Defined at:
		line 54 in file "master.c"
 Parameters:    Size  Location     Type
		None
 Auto vars:     Size  Location     Type
		None
 Return value:  Size  Location     Type
                  1    wreg      void 
 Registers used:
		wreg, fsr0l, fsr0h, status,2, status,0, pclath, cstack
 Tracked objects:
		On entry : 
		On exit  : 
		Unchanged: 
 Data sizes:     COMMON   BANK0   BANK1   BANK3   BANK2
      Params:         0       0       0       0       0
      Locals:         0       0       0       0       0
      Temps:          4       0       0       0       0
      Totals:         4       0       0       0       0
Total ram usage:        4 bytes
 Hardware stack levels used:    1
 Hardware stack levels required when called:    1
 This function calls:
		_send
 This function is called by:
		Interrupt level 1
 This function uses a non-reentrant model


 *************** function _send *****************
 Defined at:
		line 210 in file "master.c"
 Parameters:    Size  Location     Type
		None
 Auto vars:     Size  Location     Type
		None
 Return value:  Size  Location     Type
                  1    wreg      void 
 Registers used:
		wreg, fsr0l, fsr0h, status,2, status,0
 Tracked objects:
		On entry : 
		On exit  : 
		Unchanged: 
 Data sizes:     COMMON   BANK0   BANK1   BANK3   BANK2
      Params:         0       0       0       0       0
      Locals:         0       0       0       0       0
      Temps:          2       0       0       0       0
      Totals:         2       0       0       0       0
Total ram usage:        2 bytes
 Hardware stack levels used:    1
 This function calls:
		Nothing
 This function is called by:
		_isr
 This function uses a non-reentrant model



MODULE INFORMATION

Module		Function		Class		Link	Load	Size
EUSART.c
		_SET_TXR       		CODE           	0FC8	0000	15
		_SET_RXT       		CODE           	0FB0	0000	11

EUSART.c estimated size: 26

C:\Program Files\Microchip\xc8\v2.31\pic\sources\c90\common\Umul16.c
		___wmul        		CODE           	075F	0000	39

C:\Program Files\Microchip\xc8\v2.31\pic\sources\c90\common\Umul16.c estimated size: 39

SETLCD.c
		_LCD_PLAY      		CODE           	0FD7	0000	19
		_LCD_CL        		CODE           	0F91	0000	7
		_LCD_P         		CODE           	0786	0000	35
		_LCD_POINT     		CODE           	0734	0000	43
		_LCDVAL1       		CODE           	0024	0000	470
		_LCD_IN        		CODE           	0706	0000	46
		_LCD_ON        		CODE           	0FEA	0000	22
		_LCD_TIM       		CODE           	0FBB	0000	13

SETLCD.c estimated size: 655

C:\Program Files\Microchip\xc8\v2.31\pic\sources\c90\common\awdiv.c
		___awdiv       		CODE           	0538	0000	105

C:\Program Files\Microchip\xc8\v2.31\pic\sources\c90\common\awdiv.c estimated size: 105

shared
		__stringtab    		STRING         	0660	0000	6
		__initialization		CODE           	0011	0000	15

shared estimated size: 21

master.c
		_CONV_AS       		CODE           	06D6	0000	48
		_CONT          		CODE           	036A	0000	288
		_CONV          		CODE           	048A	0000	174
		_main          		CODE           	01FA	0000	368
		_CONVET_cont   		CODE           	0601	0000	95
		_Setup         		CODE           	07A9	0000	33
		_isr           		CODE           	06A5	0000	49
		_send          		CODE           	05A1	0000	96

master.c estimated size: 1151

C:\Program Files\Microchip\xc8\v2.31\pic\sources\c90\common\Umul8.c
		___bmul        		CODE           	07E8	0000	23

C:\Program Files\Microchip\xc8\v2.31\pic\sources\c90\common\Umul8.c estimated size: 23

MSSP.c
		_spiWrite      		CODE           	0F8B	0000	6
		_spiInit       		CODE           	07CA	0000	30
		_spiReceiveWait		CODE           	0F98	0000	7
		_spiRead       		CODE           	0FA7	0000	9

MSSP.c estimated size: 52

