Microchip MPLAB XC8 Compiler V2.31

Linker command line:

-W-3 --edf=C:\Program Files\Microchip\xc8\v2.31\pic\dat\en_msgs.txt -cn \
  -h+dist/default/production\projectmaster.X.production.sym \
  --cmf=dist/default/production\projectmaster.X.production.cmf -z -Q16F887 \
  -oC:\Users\julit\AppData\Local\Temp\svfg.2 --defsym=__MPLAB_BUILD=1 \
  -Mdist/default/production/projectmaster.X.production.map -E1 \
  -ver=XC8 Compiler --acfsm=1493 -ASTACK=0110h-016Fh -pstack=STACK \
  -ACODE=00h-07FFhx4 -ASTRCODE=00h-01FFFh -ASTRING=00h-0FFhx32 \
  -ACONST=00h-0FFhx32 -AENTRY=00h-0FFhx32 -ACOMMON=070h-07Fh \
  -ABANK0=020h-06Fh -ABANK1=0A0h-0EFh -ABANK2=0110h-016Fh \
  -ABANK3=0190h-01EFh -ARAM=020h-06Fh,0A0h-0EFh,0110h-016Fh,0190h-01EFh \
  -AABS1=020h-07Fh,0A0h-0EFh,0110h-016Fh,0190h-01EFh -ASFR0=00h-01Fh \
  -ASFR1=080h-09Fh -ASFR2=0100h-010Fh -ASFR3=0180h-018Fh \
  -ACONFIG=02007h-02008h -DCONFIG=2 -AIDLOC=02000h-02003h -DIDLOC=2 \
  -AEEDATA=00h-0FFh/02100h -peeprom_data=EEDATA -DEEDATA=2 -DCODE=2 \
  -DSTRCODE=2 -DSTRING=2 -DCONST=2 -DENTRY=2 \
  -preset_vec=00h,intentry,init,end_init -ppowerup=CODE -pcinit=CODE \
  -pfunctab=ENTRY -k C:\Users\julit\AppData\Local\Temp\svfg.o \
  dist/default/production\projectmaster.X.production.o 

Object code version is 3.11

Machine type is 16F887



                Name                               Link     Load   Length Selector   Space Scale
C:\Users\julit\AppData\Local\Temp\svfg.o
                end_init                              0        0        3        0       0
                config                             2007     2007        2        0       4
dist/default/production\projectmaster.X.production.o
                cinit                               7EE      7EE       12      FDC       0
                config                             2007     2007        2        0       4
                text11                              523      523        D      A46       0
                text10                              541      541       15      A82       0
                text9                               530      530       11      A60       0
                text8                               584      584       1F      B08       0
                text7                               5A3      5A3       27      B46       0
                text6                               681      681      16D      D02       0
                text5                               51C      51C        7      A38       0
                text4                               5CA      5CA       2C      B94       0
                text3                               56C      56C       18      AD8       0
                text2                               556      556       16      AAC       0
                text1                               516      516        6      A2C       0
                maintext                            5F6      5F6       8B      BEC       0
                cstackBANK0                          2C       2C        4       20       1
                cstackCOMMON                         70       70        E       70       1
                bssBANK0                             20       20        C       20       1
                strings                               3        3       36        6       0

TOTAL           Name                               Link     Load   Length     Space
        CLASS   STACK          

        CLASS   CODE           
                end_init                              0        0        3         0
                cinit                               7EE      7EE       12         0
                text11                              523      523        D         0
                text10                              541      541       15         0
                text9                               530      530       11         0
                text8                               584      584       1F         0
                text7                               5A3      5A3       27         0
                text6                               681      681      16D         0
                text5                               51C      51C        7         0
                text4                               5CA      5CA       2C         0
                text3                               56C      56C       18         0
                text2                               556      556       16         0
                text1                               516      516        6         0
                maintext                            5F6      5F6       8B         0

        CLASS   STRCODE        

        CLASS   STRING         
                strings                               3        3       36         0

        CLASS   CONST          

        CLASS   ENTRY          

        CLASS   COMMON         
                cstackCOMMON                         70       70        E         1

        CLASS   BANK0          
                cstackBANK0                          2C       2C        4         1
                bssBANK0                             20       20        C         1

        CLASS   BANK1          

        CLASS   BANK2          

        CLASS   BANK3          

        CLASS   RAM            

        CLASS   ABS1           
                abs_s1                               7E       7E        2         1

        CLASS   SFR0           

        CLASS   SFR1           

        CLASS   SFR2           

        CLASS   SFR3           

        CLASS   CONFIG         
                config                             2007     2007        2         4

        CLASS   IDLOC          

        CLASS   EEDATA         



SEGMENTS        Name                           Load    Length   Top    Selector   Space  Class     Delta

                reset_vec                      000000  000003  000003         0       0  CODE        2
                strings                        000003  000036  000039         6       0  STRING      2
                bssBANK0                       000020  000010  000030        20       1  BANK0       1
                cstackCOMMON                   000070  00000E  00007E        70       1  COMMON      1
                text1                          000516  000006  00051C       A2C       0  CODE        2
                text5                          00051C  000007  000523       A38       0  CODE        2
                text11                         000523  00000D  000530       A46       0  CODE        2
                text9                          000530  000011  000541       A60       0  CODE        2
                text10                         000541  000015  000556       A82       0  CODE        2
                text2                          000556  000016  00056C       AAC       0  CODE        2
                text3                          00056C  000018  000584       AD8       0  CODE        2
                text8                          000584  00001F  0005A3       B08       0  CODE        2
                text7                          0005A3  000027  0005CA       B46       0  CODE        2
                text4                          0005CA  00002C  0005F6       B94       0  CODE        2
                maintext                       0005F6  00008B  000681       BEC       0  CODE        2
                text6                          000681  00016D  0007EE       D02       0  CODE        2
                cinit                          0007EE  000012  000800       FDC       0  CODE        2


UNUSED ADDRESS RANGES

        Name                Unused          Largest block    Delta
        BANK0            0030-006F             40           1
        BANK1            00A0-00EF             50           1
        BANK2            0110-016F             60           1
        BANK3            0190-01EF             60           1
        CODE             0039-0515            4DD           2
                         0800-1FFF            800
        CONST            0039-0515            100           2
                         0800-1FFF            100
        EEDATA           2100-21FF            100           2
        ENTRY            0039-0515            100           2
                         0800-1FFF            100
        IDLOC            2000-2003              4           2
        RAM              0030-006F             40           1
                         00A0-00EF             50
                         0110-016F             60
                         0190-01EF             60
        SFR0             0000-001F             20           1
        SFR1             0080-009F             20           1
        SFR2             0100-010F             10           1
        SFR3             0180-018F             10           1
        STACK            0110-016F             60           1
        STRCODE          0039-0515            4DD           2
                         0800-1FFF           1800
        STRING           0039-0515            100           2
                         0800-1FFF            100

                                  Symbol Table

LCDVAL1@Z                cstackBANK0  002E
LCDVAL1@x                cstackBANK0  002C
LCD_ON@C                 cstackCOMMON 0072
LCD_P@D                  cstackCOMMON 0073
LCD_PLAY@D               cstackCOMMON 0071
LCD_POINT@D              cstackCOMMON 0078
LCD_POINT@LOC            cstackCOMMON 007A
LCD_POINT@x              cstackCOMMON 0074
LCD_POINT@y              cstackCOMMON 0076
_ANSEL                   (abs)        0188
_ANSELH                  (abs)        0189
_BAUDCTLbits             (abs)        0187
_INTCONbits              (abs)        000B
_LCDVAL1                 text6        0681
_LCD_CL                  text5        051C
_LCD_IN                  text4        05CA
_LCD_ON                  text10       0541
_LCD_P                   text8        0584
_LCD_PLAY                text9        0530
_LCD_POINT               text7        05A3
_LCD_TIM                 text11       0523
_PIE1bits                (abs)        008C
_PORTA                   (abs)        0005
_PORTB                   (abs)        0006
_PORTC                   (abs)        0007
_PORTD                   (abs)        0008
_PORTDbits               (abs)        0008
_PORTE                   (abs)        0009
_PORTEbits               (abs)        0009
_POT1_H                  bssBANK0     0027
_POT1_T                  bssBANK0     0026
_POT1_U                  bssBANK0     0028
_RCSTAbits               (abs)        0018
_SPBRG                   (abs)        0099
_SSPBUF                  (abs)        0013
_SSPCON                  (abs)        0014
_SSPSTAT                 (abs)        0094
_SSPSTATbits             (abs)        0094
_Setup                   text3        056C
_TEM_T                   bssBANK0     0024
_TEM_U                   bssBANK0     0025
_TRISA                   (abs)        0085
_TRISB                   (abs)        0086
_TRISC                   (abs)        0087
_TRISC3                  (abs)        043B
_TRISC5                  (abs)        043D
_TRISD                   (abs)        0088
_TRISDbits               (abs)        0088
_TRISE                   (abs)        0089
_TXSTAbits               (abs)        0098
_Z                       bssBANK0     0029
__Habs1                  abs1         0000
__Hbank0                 bank0        0000
__Hbank1                 bank1        0000
__Hbank2                 bank2        0000
__Hbank3                 bank3        0000
__HbssBANK0              bssBANK0     0000
__Hcinit                 cinit        0800
__Hclrtext               clrtext      0000
__Hcode                  code         0000
__Hcommon                common       0000
__Hconfig                config       2009
__HcstackBANK0           cstackBANK0  0000
__HcstackCOMMON          cstackCOMMON 0000
__Heeprom_data           eeprom_data  0000
__Hend_init              end_init     0003
__Hfunctab               functab      0000
__Hinit                  init         0000
__Hintentry              intentry     0000
__Hmaintext              maintext     0000
__Hpowerup               powerup      0000
__Hram                   ram          0000
__Hreset_vec             reset_vec    0000
__Hsfr0                  sfr0         0000
__Hsfr1                  sfr1         0000
__Hsfr2                  sfr2         0000
__Hsfr3                  sfr3         0000
__Hspace_0               (abs)        0800
__Hspace_1               (abs)        007E
__Hspace_2               (abs)        0000
__Hspace_3               (abs)        0000
__Hspace_4               (abs)        4010
__Hstack                 stack        0000
__Hstrings               strings      0000
__Htext                  text         0000
__Labs1                  abs1         0000
__Lbank0                 bank0        0000
__Lbank1                 bank1        0000
__Lbank2                 bank2        0000
__Lbank3                 bank3        0000
__LbssBANK0              bssBANK0     0000
__Lcinit                 cinit        07EE
__Lclrtext               clrtext      0000
__Lcode                  code         0000
__Lcommon                common       0000
__Lconfig                config       0000
__LcstackBANK0           cstackBANK0  0000
__LcstackCOMMON          cstackCOMMON 0000
__Leeprom_data           eeprom_data  0000
__Lend_init              end_init     0000
__Lfunctab               functab      0000
__Linit                  init         0000
__Lintentry              intentry     0000
__Lmaintext              maintext     0000
__Lpowerup               powerup      0000
__Lram                   ram          0000
__Lreset_vec             reset_vec    0000
__Lsfr0                  sfr0         0000
__Lsfr1                  sfr1         0000
__Lsfr2                  sfr2         0000
__Lsfr3                  sfr3         0000
__Lspace_0               (abs)        0000
__Lspace_1               (abs)        0000
__Lspace_2               (abs)        0000
__Lspace_3               (abs)        0000
__Lspace_4               (abs)        0000
__Lstack                 stack        0000
__Lstrings               strings      0000
__Ltext                  text         0000
__S0                     (abs)        0800
__S1                     (abs)        007E
__S2                     (abs)        0000
__S3                     (abs)        0000
___int_sp                stack        0000
___latbits               (abs)        0002
___sp                    stack        0000
___stackhi               (abs)        0000
___stacklo               (abs)        0000
__end_of_LCDVAL1         text6        07EE
__end_of_LCD_CL          text5        0523
__end_of_LCD_IN          text4        05F6
__end_of_LCD_ON          text10       0556
__end_of_LCD_P           text8        05A3
__end_of_LCD_PLAY        text9        0541
__end_of_LCD_POINT       text7        05CA
__end_of_LCD_TIM         text11       0530
__end_of_Setup           text3        0584
__end_of__initialization cinit        07FC
__end_of__stringtab      strings      0009
__end_of_main            maintext     0681
__end_of_spiInit         text2        056C
__end_of_spiWrite        text1        051C
__initialization         cinit        07EE
__pbssBANK0              bssBANK0     0020
__pcstackBANK0           cstackBANK0  002C
__pcstackCOMMON          cstackCOMMON 0070
__pmaintext              maintext     05F6
__pstrings               strings      0003
__ptext1                 text1        0516
__ptext10                text10       0541
__ptext11                text11       0523
__ptext2                 text2        0556
__ptext3                 text3        056C
__ptext4                 text4        05CA
__ptext5                 text5        051C
__ptext6                 text6        0681
__ptext7                 text7        05A3
__ptext8                 text8        0584
__ptext9                 text9        0530
__size_of_LCDVAL1        (abs)        0000
__size_of_LCD_CL         (abs)        0000
__size_of_LCD_IN         (abs)        0000
__size_of_LCD_ON         (abs)        0000
__size_of_LCD_P          (abs)        0000
__size_of_LCD_PLAY       (abs)        0000
__size_of_LCD_POINT      (abs)        0000
__size_of_LCD_TIM        (abs)        0000
__size_of_Setup          (abs)        0000
__size_of_main           (abs)        0000
__size_of_spiInit        (abs)        0000
__size_of_spiWrite       (abs)        0000
__stringbase             strings      0008
__stringtab              strings      0003
_cont_1                  bssBANK0     0023
_cont_2                  bssBANK0     0022
_cont_3                  bssBANK0     0021
_main                    maintext     05F6
_spiInit                 text2        0556
_spiWrite                text1        0516
btemp                    (abs)        007E
end_of_initialization    cinit        07FC
intlevel0                functab      0000
intlevel1                functab      0000
intlevel2                functab      0000
intlevel3                functab      0000
intlevel4                functab      0000
intlevel5                functab      0000
reset_vec                reset_vec    0000
spiInit@sClockIdle       cstackCOMMON 0071
spiInit@sDataSample      cstackCOMMON 0070
spiInit@sTransmitEdge    cstackCOMMON 0072
spiInit@sType            cstackCOMMON 0073
spiWrite@dat             cstackCOMMON 0070
start                    init         0000
start_initialization     cinit        07EE
wtemp0                   (abs)        007E


FUNCTION INFORMATION:

 *************** function _main *****************
 Defined at:
		line 48 in file "master.c"
 Parameters:    Size  Location     Type
		None
 Auto vars:     Size  Location     Type
		None
 Return value:  Size  Location     Type
                  1    wreg      void 
 Registers used:
		wreg, fsr0l, fsr0h, status,2, status,0, pclath, cstack
 Tracked objects:
		On entry : 
		On exit  : 
		Unchanged: 
 Data sizes:     COMMON   BANK0   BANK1   BANK3   BANK2
      Params:         0       0       0       0       0
      Locals:         0       0       0       0       0
      Temps:          2       0       0       0       0
      Totals:         2       0       0       0       0
Total ram usage:        2 bytes
 Hardware stack levels required when called:    5
 This function calls:
		_LCDVAL1
		_LCD_CL
		_LCD_IN
		_LCD_POINT
		_Setup
		_spiInit
		_spiWrite
 This function is called by:
		Startup code after reset
 This function uses a non-reentrant model


 *************** function _spiWrite *****************
 Defined at:
		line 28 in file "MSSP.c"
 Parameters:    Size  Location     Type
  dat             1    wreg     unsigned char 
 Auto vars:     Size  Location     Type
  dat             1    0[COMMON] unsigned char 
 Return value:  Size  Location     Type
                  1    wreg      void 
 Registers used:
		wreg
 Tracked objects:
		On entry : 
		On exit  : 
		Unchanged: 
 Data sizes:     COMMON   BANK0   BANK1   BANK3   BANK2
      Params:         0       0       0       0       0
      Locals:         1       0       0       0       0
      Temps:          0       0       0       0       0
      Totals:         1       0       0       0       0
Total ram usage:        1 bytes
 Hardware stack levels used:    1
 This function calls:
		Nothing
 This function is called by:
		_main
 This function uses a non-reentrant model


 *************** function _spiInit *****************
 Defined at:
		line 6 in file "MSSP.c"
 Parameters:    Size  Location     Type
  sType           1    wreg     enum E1264
  sDataSample     1    0[COMMON] enum E1272
  sClockIdle      1    1[COMMON] enum E1276
  sTransmitEdg    1    2[COMMON] enum E1280
 Auto vars:     Size  Location     Type
  sType           1    3[COMMON] enum E1264
 Return value:  Size  Location     Type
                  1    wreg      void 
 Registers used:
		wreg, status,2, status,0
 Tracked objects:
		On entry : 
		On exit  : 
		Unchanged: 
 Data sizes:     COMMON   BANK0   BANK1   BANK3   BANK2
      Params:         3       0       0       0       0
      Locals:         1       0       0       0       0
      Temps:          0       0       0       0       0
      Totals:         4       0       0       0       0
Total ram usage:        4 bytes
 Hardware stack levels used:    1
 This function calls:
		Nothing
 This function is called by:
		_main
 This function uses a non-reentrant model


 *************** function _Setup *****************
 Defined at:
		line 92 in file "master.c"
 Parameters:    Size  Location     Type
		None
 Auto vars:     Size  Location     Type
		None
 Return value:  Size  Location     Type
                  1    wreg      void 
 Registers used:
		wreg, status,2
 Tracked objects:
		On entry : 
		On exit  : 
		Unchanged: 
 Data sizes:     COMMON   BANK0   BANK1   BANK3   BANK2
      Params:         0       0       0       0       0
      Locals:         0       0       0       0       0
      Temps:          0       0       0       0       0
      Totals:         0       0       0       0       0
Total ram usage:        0 bytes
 Hardware stack levels used:    1
 This function calls:
		Nothing
 This function is called by:
		_main
 This function uses a non-reentrant model


 *************** function _LCD_IN *****************
 Defined at:
		line 4 in file "SETLCD.c"
 Parameters:    Size  Location     Type
		None
 Auto vars:     Size  Location     Type
		None
 Return value:  Size  Location     Type
                  1    wreg      void 
 Registers used:
		wreg, status,2, status,0, pclath, cstack
 Tracked objects:
		On entry : 
		On exit  : 
		Unchanged: 
 Data sizes:     COMMON   BANK0   BANK1   BANK3   BANK2
      Params:         0       0       0       0       0
      Locals:         0       0       0       0       0
      Temps:          2       0       0       0       0
      Totals:         2       0       0       0       0
Total ram usage:        2 bytes
 Hardware stack levels used:    1
 Hardware stack levels required when called:    2
 This function calls:
		_LCD_ON
 This function is called by:
		_main
 This function uses a non-reentrant model


 *************** function _LCD_CL *****************
 Defined at:
		line 34 in file "SETLCD.c"
 Parameters:    Size  Location     Type
		None
 Auto vars:     Size  Location     Type
		None
 Return value:  Size  Location     Type
                  1    wreg      void 
 Registers used:
		wreg, status,2, status,0, pclath, cstack
 Tracked objects:
		On entry : 
		On exit  : 
		Unchanged: 
 Data sizes:     COMMON   BANK0   BANK1   BANK3   BANK2
      Params:         0       0       0       0       0
      Locals:         0       0       0       0       0
      Temps:          0       0       0       0       0
      Totals:         0       0       0       0       0
Total ram usage:        0 bytes
 Hardware stack levels used:    1
 Hardware stack levels required when called:    2
 This function calls:
		_LCD_ON
 This function is called by:
		_main
 This function uses a non-reentrant model


 *************** function _LCDVAL1 *****************
 Defined at:
		line 59 in file "SETLCD.c"
 Parameters:    Size  Location     Type
  x               2    0[BANK0 ] int 
  Z               2    2[BANK0 ] int 
 Auto vars:     Size  Location     Type
		None
 Return value:  Size  Location     Type
                  1    wreg      void 
 Registers used:
		wreg, fsr0l, fsr0h, status,2, status,0, pclath, cstack
 Tracked objects:
		On entry : 
		On exit  : 
		Unchanged: 
 Data sizes:     COMMON   BANK0   BANK1   BANK3   BANK2
      Params:         0       4       0       0       0
      Locals:         0       0       0       0       0
      Temps:          1       0       0       0       0
      Totals:         1       4       0       0       0
Total ram usage:        5 bytes
 Hardware stack levels used:    1
 Hardware stack levels required when called:    4
 This function calls:
		_LCD_POINT
 This function is called by:
		_main
 This function uses a non-reentrant model


 *************** function _LCD_POINT *****************
 Defined at:
		line 43 in file "SETLCD.c"
 Parameters:    Size  Location     Type
  x               2    4[COMMON] int 
  y               2    6[COMMON] int 
  D               1    8[COMMON] PTR unsigned char 
		 -> STR_18(2), STR_17(2), STR_16(2), STR_15(2), 
		 -> STR_14(2), STR_13(2), STR_12(2), STR_11(2), 
		 -> STR_10(2), STR_9(2), STR_8(2), STR_7(2), 
		 -> STR_6(2), STR_5(2), STR_4(2), STR_3(2), 
		 -> STR_2(2), STR_1(14), 
 Auto vars:     Size  Location     Type
  LOC             1   10[COMMON] unsigned char 
 Return value:  Size  Location     Type
                  1    wreg      void 
 Registers used:
		wreg, fsr0l, fsr0h, status,2, status,0, pclath, cstack
 Tracked objects:
		On entry : 
		On exit  : 
		Unchanged: 
 Data sizes:     COMMON   BANK0   BANK1   BANK3   BANK2
      Params:         5       0       0       0       0
      Locals:         1       0       0       0       0
      Temps:          1       0       0       0       0
      Totals:         7       0       0       0       0
Total ram usage:        7 bytes
 Hardware stack levels used:    1
 Hardware stack levels required when called:    3
 This function calls:
		_LCD_ON
		_LCD_P
 This function is called by:
		_main
		_LCDVAL1
 This function uses a non-reentrant model


 *************** function _LCD_P *****************
 Defined at:
		line 37 in file "SETLCD.c"
 Parameters:    Size  Location     Type
  D               1    wreg     PTR unsigned char 
		 -> STR_18(2), STR_17(2), STR_16(2), STR_15(2), 
		 -> STR_14(2), STR_13(2), STR_12(2), STR_11(2), 
		 -> STR_10(2), STR_9(2), STR_8(2), STR_7(2), 
		 -> STR_6(2), STR_5(2), STR_4(2), STR_3(2), 
		 -> STR_2(2), STR_1(14), 
 Auto vars:     Size  Location     Type
  D               1    3[COMMON] PTR unsigned char 
		 -> STR_18(2), STR_17(2), STR_16(2), STR_15(2), 
		 -> STR_14(2), STR_13(2), STR_12(2), STR_11(2), 
		 -> STR_10(2), STR_9(2), STR_8(2), STR_7(2), 
		 -> STR_6(2), STR_5(2), STR_4(2), STR_3(2), 
		 -> STR_2(2), STR_1(14), 
 Return value:  Size  Location     Type
                  1    wreg      void 
 Registers used:
		wreg, fsr0l, fsr0h, status,2, status,0, pclath, cstack
 Tracked objects:
		On entry : 
		On exit  : 
		Unchanged: 
 Data sizes:     COMMON   BANK0   BANK1   BANK3   BANK2
      Params:         0       0       0       0       0
      Locals:         1       0       0       0       0
      Temps:          1       0       0       0       0
      Totals:         2       0       0       0       0
Total ram usage:        2 bytes
 Hardware stack levels used:    1
 Hardware stack levels required when called:    2
 This function calls:
		_LCD_PLAY
 This function is called by:
		_LCD_POINT
 This function uses a non-reentrant model


 *************** function _LCD_PLAY *****************
 Defined at:
		line 28 in file "SETLCD.c"
 Parameters:    Size  Location     Type
  D               1    wreg     unsigned char 
 Auto vars:     Size  Location     Type
  D               1    1[COMMON] unsigned char 
 Return value:  Size  Location     Type
                  1    wreg      void 
 Registers used:
		wreg, status,2, status,0, pclath, cstack
 Tracked objects:
		On entry : 
		On exit  : 
		Unchanged: 
 Data sizes:     COMMON   BANK0   BANK1   BANK3   BANK2
      Params:         0       0       0       0       0
      Locals:         1       0       0       0       0
      Temps:          1       0       0       0       0
      Totals:         2       0       0       0       0
Total ram usage:        2 bytes
 Hardware stack levels used:    1
 Hardware stack levels required when called:    1
 This function calls:
		_LCD_TIM
 This function is called by:
		_LCD_P
 This function uses a non-reentrant model


 *************** function _LCD_ON *****************
 Defined at:
		line 17 in file "SETLCD.c"
 Parameters:    Size  Location     Type
  C               1    wreg     unsigned char 
 Auto vars:     Size  Location     Type
  C               1    2[COMMON] unsigned char 
 Return value:  Size  Location     Type
                  1    wreg      void 
 Registers used:
		wreg, status,2, status,0, pclath, cstack
 Tracked objects:
		On entry : 
		On exit  : 
		Unchanged: 
 Data sizes:     COMMON   BANK0   BANK1   BANK3   BANK2
      Params:         0       0       0       0       0
      Locals:         1       0       0       0       0
      Temps:          2       0       0       0       0
      Totals:         3       0       0       0       0
Total ram usage:        3 bytes
 Hardware stack levels used:    1
 Hardware stack levels required when called:    1
 This function calls:
		_LCD_TIM
 This function is called by:
		_LCD_IN
		_LCD_CL
		_LCD_POINT
 This function uses a non-reentrant model


 *************** function _LCD_TIM *****************
 Defined at:
		line 23 in file "SETLCD.c"
 Parameters:    Size  Location     Type
		None
 Auto vars:     Size  Location     Type
		None
 Return value:  Size  Location     Type
                  1    wreg      void 
 Registers used:
		None
 Tracked objects:
		On entry : 
		On exit  : 
		Unchanged: 
 Data sizes:     COMMON   BANK0   BANK1   BANK3   BANK2
      Params:         0       0       0       0       0
      Locals:         0       0       0       0       0
      Temps:          0       0       0       0       0
      Totals:         0       0       0       0       0
Total ram usage:        0 bytes
 Hardware stack levels used:    1
 This function calls:
		Nothing
 This function is called by:
		_LCD_ON
		_LCD_PLAY
 This function uses a non-reentrant model



MODULE INFORMATION

Module		Function		Class		Link	Load	Size
SETLCD.c
		_LCD_PLAY      		CODE           	0530	0000	17
		_LCD_CL        		CODE           	051C	0000	7
		_LCD_P         		CODE           	0584	0000	31
		_LCD_POINT     		CODE           	05A3	0000	39
		_LCDVAL1       		CODE           	0681	0000	365
		_LCD_IN        		CODE           	05CA	0000	44
		_LCD_ON        		CODE           	0541	0000	21
		_LCD_TIM       		CODE           	0523	0000	13

SETLCD.c estimated size: 537

shared
		__stringtab    		STRING         	0003	0000	6
		__initialization		CODE           	07EE	0000	14

shared estimated size: 20

master.c
		_main          		CODE           	05F6	0000	139
		_Setup         		CODE           	056C	0000	24

master.c estimated size: 163

MSSP.c
		_spiWrite      		CODE           	0516	0000	6
		_spiInit       		CODE           	0556	0000	22

MSSP.c estimated size: 28

