Microchip MPLAB XC8 Compiler V2.31

Linker command line:

-W-3 --edf=C:\Program Files\Microchip\xc8\v2.31\pic\dat\en_msgs.txt -cn \
  -h+dist/default/production\code_digy.production.sym \
  --cmf=dist/default/production\code_digy.production.cmf -z -Q16F887 \
  -oC:\Users\julit\AppData\Local\Temp\sop0.2 --defsym=__MPLAB_BUILD=1 \
  -Mdist/default/production/code_digy.production.map -E1 -ver=XC8 Compiler \
  --acfsm=1493 -ASTACK=0110h-016Fh -pstack=STACK -ACODE=00h-07FFhx4 \
  -ASTRCODE=00h-01FFFh -ASTRING=00h-0FFhx32 -ACONST=00h-0FFhx32 \
  -AENTRY=00h-0FFhx32 -ACOMMON=070h-07Fh -ABANK0=020h-06Fh \
  -ABANK1=0A0h-0EFh -ABANK2=0110h-016Fh -ABANK3=0190h-01EFh \
  -ARAM=020h-06Fh,0A0h-0EFh,0110h-016Fh,0190h-01EFh \
  -AABS1=020h-07Fh,0A0h-0EFh,0110h-016Fh,0190h-01EFh -ASFR0=00h-01Fh \
  -ASFR1=080h-09Fh -ASFR2=0100h-010Fh -ASFR3=0180h-018Fh \
  -ACONFIG=02007h-02008h -DCONFIG=2 -AIDLOC=02000h-02003h -DIDLOC=2 \
  -AEEDATA=00h-0FFh/02100h -peeprom_data=EEDATA -DEEDATA=2 -DCODE=2 \
  -DSTRCODE=2 -DSTRING=2 -DCONST=2 -DENTRY=2 \
  -preset_vec=00h,intentry=04h,init,end_init -ppowerup=CODE -pcinit=CODE \
  -pfunctab=ENTRY -k C:\Users\julit\AppData\Local\Temp\sop0.o \
  dist/default/production\code_digy.production.o 

Object code version is 3.11

Machine type is 16F887



                Name                               Link     Load   Length Selector   Space Scale
C:\Users\julit\AppData\Local\Temp\sop0.o
                end_init                              E        E        3        8       0
                reset_vec                             0        0        3        0       0
                config                             2007     2007        2        0       4
dist/default/production\code_digy.production.o
                cinit                                11       11        C        8       0
                intentry                              4        4        A        8       0
                config                             2007     2007        2        0       4
                text8                                C8       C8       8D        8       0
                text7                               221      221       30        8       0
                text6                               251      251       14        8       0
                text5                               265      265       12        8       0
                text4                               1EF      1EF       32        8       0
                text3                                1D       1D       AB        8       0
                text2                               155      155       5E        8       0
                text1                               1B3      1B3       3C        8       0
                maintext                            277      277        9        8       0
                cstackBANK0                          20       20        5       20       1
                cstackCOMMON                         70       70        9       70       1
                bssBANK0                             25       25        1       20       1
                bssCOMMON                            79       79        5       70       1

TOTAL           Name                               Link     Load   Length     Space
        CLASS   STACK          

        CLASS   CODE           
                end_init                              E        E        3         0
                cinit                                11       11        C         0
                intentry                              4        4        A         0
                reset_vec                             0        0        3         0
                text8                                C8       C8       8D         0
                text7                               221      221       30         0
                text6                               251      251       14         0
                text5                               265      265       12         0
                text4                               1EF      1EF       32         0
                text3                                1D       1D       AB         0
                text2                               155      155       5E         0
                text1                               1B3      1B3       3C         0
                maintext                            277      277        9         0

        CLASS   STRCODE        

        CLASS   STRING         

        CLASS   CONST          

        CLASS   ENTRY          

        CLASS   COMMON         
                cstackCOMMON                         70       70        9         1
                bssCOMMON                            79       79        5         1

        CLASS   BANK0          
                cstackBANK0                          20       20        5         1
                bssBANK0                             25       25        1         1

        CLASS   BANK1          

        CLASS   BANK2          

        CLASS   BANK3          

        CLASS   RAM            

        CLASS   ABS1           
                abs_s1                               7E       7E        2         1

        CLASS   SFR0           

        CLASS   SFR1           

        CLASS   SFR2           

        CLASS   SFR3           

        CLASS   CONFIG         
                config                             2007     2007        2         4

        CLASS   IDLOC          

        CLASS   EEDATA         



SEGMENTS        Name                           Load    Length   Top    Selector   Space  Class     Delta

                reset_vec                      000000  000003  000003         0       0  CODE        2
                intentry                       000004  00027C  000280         8       0  CODE        2
                cstackBANK0                    000020  000006  000026        20       1  BANK0       1
                cstackCOMMON                   000070  00000E  00007E        70       1  COMMON      1


UNUSED ADDRESS RANGES

        Name                Unused          Largest block    Delta
        BANK0            0026-006F             4A           1
        BANK1            00A0-00EF             50           1
        BANK2            0110-016F             60           1
        BANK3            0190-01EF             60           1
        CODE             0003-0003              1           2
                         0280-1FFF            800
        CONST            0003-0003              1           2
                         0280-1FFF            100
        EEDATA           2100-21FF            100           2
        ENTRY            0003-0003              1           2
                         0280-1FFF            100
        IDLOC            2000-2003              4           2
        RAM              0026-006F             4A           1
                         00A0-00EF             50
                         0110-016F             60
                         0190-01EF             60
        SFR0             0000-001F             20           1
        SFR1             0080-009F             20           1
        SFR2             0100-010F             10           1
        SFR3             0180-018F             10           1
        STACK            0110-016F             60           1
        STRCODE          0003-0003              1           2
                         0280-1FFF           1D80
        STRING           0003-0003              1           2
                         0280-1FFF            100

                                  Symbol Table

ADC_CHS_CLKS@C           cstackBANK0  0023
ADC_CHS_CLKS@S           cstackBANK0  0020
TABLA_L@n                cstackCOMMON 0072
_ADCON0bits              (abs)        001F
_ADCON1                  (abs)        009F
_ADC_CHS_CLKS            text3        001D
_ADIF                    (abs)        0066
_ADRESH                  (abs)        001E
_ANSEL                   (abs)        0188
_ANSELH                  (abs)        0189
_H                       bssCOMMON    007A
_INTCONbits              (abs)        000B
_IOCB                    (abs)        0096
_L                       bssCOMMON    0079
_OPTION_REGbits          (abs)        0081
_OSCCONbits              (abs)        008F
_PIE1bits                (abs)        008C
_PIR1bits                (abs)        000C
_PORTA                   (abs)        0005
_PORTB                   (abs)        0006
_PORTBbits               (abs)        0006
_PORTC                   (abs)        0007
_PORTD                   (abs)        0008
_PORTE                   (abs)        0009
_PORTEbits               (abs)        0009
_Q                       bssCOMMON    007B
_RBIF                    (abs)        0058
_Setup                   text1        01B3
_TABLA_L                 text8        00C8
_TMR0                    (abs)        0001
_TRISA                   (abs)        0085
_TRISB                   (abs)        0086
_TRISC                   (abs)        0087
_TRISD                   (abs)        0088
_TRISE                   (abs)        0089
_W                       bssCOMMON    007D
__Habs1                  abs1         0000
__Hbank0                 bank0        0000
__Hbank1                 bank1        0000
__Hbank2                 bank2        0000
__Hbank3                 bank3        0000
__HbssBANK0              bssBANK0     0000
__HbssCOMMON             bssCOMMON    0000
__Hcinit                 cinit        001D
__Hclrtext               clrtext      0000
__Hcode                  code         0000
__Hcommon                common       0000
__Hconfig                config       2009
__HcstackBANK0           cstackBANK0  0000
__HcstackCOMMON          cstackCOMMON 0000
__Heeprom_data           eeprom_data  0000
__Hend_init              end_init     0011
__Hfunctab               functab      0000
__Hinit                  init         000E
__Hintentry              intentry     000E
__Hmaintext              maintext     0000
__Hpowerup               powerup      0000
__Hram                   ram          0000
__Hreset_vec             reset_vec    0003
__Hsfr0                  sfr0         0000
__Hsfr1                  sfr1         0000
__Hsfr2                  sfr2         0000
__Hsfr3                  sfr3         0000
__Hspace_0               (abs)        0280
__Hspace_1               (abs)        007E
__Hspace_2               (abs)        0000
__Hspace_3               (abs)        0000
__Hspace_4               (abs)        4010
__Hstack                 stack        0000
__Hstrings               strings      0000
__Htext                  text         0000
__Labs1                  abs1         0000
__Lbank0                 bank0        0000
__Lbank1                 bank1        0000
__Lbank2                 bank2        0000
__Lbank3                 bank3        0000
__LbssBANK0              bssBANK0     0000
__LbssCOMMON             bssCOMMON    0000
__Lcinit                 cinit        0011
__Lclrtext               clrtext      0000
__Lcode                  code         0000
__Lcommon                common       0000
__Lconfig                config       0000
__LcstackBANK0           cstackBANK0  0000
__LcstackCOMMON          cstackCOMMON 0000
__Leeprom_data           eeprom_data  0000
__Lend_init              end_init     000E
__Lfunctab               functab      0000
__Linit                  init         000E
__Lintentry              intentry     0004
__Lmaintext              maintext     0000
__Lpowerup               powerup      0000
__Lram                   ram          0000
__Lreset_vec             reset_vec    0000
__Lsfr0                  sfr0         0000
__Lsfr1                  sfr1         0000
__Lsfr2                  sfr2         0000
__Lsfr3                  sfr3         0000
__Lspace_0               (abs)        0000
__Lspace_1               (abs)        0000
__Lspace_2               (abs)        0000
__Lspace_3               (abs)        0000
__Lspace_4               (abs)        0000
__Lstack                 stack        0000
__Lstrings               strings      0000
__Ltext                  text         0000
__S0                     (abs)        0280
__S1                     (abs)        007E
__S2                     (abs)        0000
__S3                     (abs)        0000
___int_sp                stack        0000
___latbits               (abs)        0002
___sp                    stack        0000
___stackhi               (abs)        0000
___stacklo               (abs)        0000
__end_of_ADC_CHS_CLKS    text3        00C8
__end_of_Setup           text1        01EF
__end_of_TABLA_L         text8        0155
__end_of__initialization cinit        0019
__end_of_initOsc         text2        01B3
__end_of_isr             text4        0221
__end_of_main            maintext     0280
__end_of_pull            text7        0251
__end_of_push_0          text6        0265
__end_of_push_1          text5        0277
__initialization         cinit        0011
__pbssBANK0              bssBANK0     0025
__pbssCOMMON             bssCOMMON    0079
__pcstackBANK0           cstackBANK0  0020
__pcstackCOMMON          cstackCOMMON 0070
__pintentry              intentry     0004
__pmaintext              maintext     0277
__ptext1                 text1        01B3
__ptext2                 text2        0155
__ptext3                 text3        001D
__ptext4                 text4        01EF
__ptext5                 text5        0265
__ptext6                 text6        0251
__ptext7                 text7        0221
__ptext8                 text8        00C8
__size_of_ADC_CHS_CLKS   (abs)        0000
__size_of_Setup          (abs)        0000
__size_of_TABLA_L        (abs)        0000
__size_of_initOsc        (abs)        0000
__size_of_isr            (abs)        0000
__size_of_main           (abs)        0000
__size_of_pull           (abs)        0000
__size_of_push_0         (abs)        0000
__size_of_push_1         (abs)        0000
_h                       bssBANK0     0025
_initOsc                 text2        0155
_isr                     text4        01EF
_main                    maintext     0277
_pull                    text7        0221
_push_0                  text6        0251
_push_1                  text5        0265
_w                       bssCOMMON    007C
btemp                    (abs)        007E
end_of_initialization    cinit        0019
initOsc@IRCF             cstackBANK0  0022
interrupt_function       intentry     0004
intlevel0                functab      0000
intlevel1                functab      0000
intlevel2                functab      0000
intlevel3                functab      0000
intlevel4                functab      0000
intlevel5                functab      0000
reset_vec                reset_vec    0000
saved_w                  (abs)        007E
start                    init         000E
start_initialization     cinit        0011
wtemp0                   (abs)        007E


FUNCTION INFORMATION:

 *************** function _main *****************
 Defined at:
		line 69 in file "main.c"
 Parameters:    Size  Location     Type
		None
 Auto vars:     Size  Location     Type
		None
 Return value:  Size  Location     Type
                  1    wreg      void 
 Registers used:
		wreg, fsr0l, fsr0h, status,2, status,0, pclath, cstack
 Tracked objects:
		On entry : 
		On exit  : 
		Unchanged: 
 Data sizes:     COMMON   BANK0   BANK1   BANK3   BANK2
      Params:         0       0       0       0       0
      Locals:         0       0       0       0       0
      Temps:          0       0       0       0       0
      Totals:         0       0       0       0       0
Total ram usage:        0 bytes
 Hardware stack levels required when called:    5
 This function calls:
		_Setup
 This function is called by:
		Startup code after reset
 This function uses a non-reentrant model


 *************** function _Setup *****************
 Defined at:
		line 82 in file "main.c"
 Parameters:    Size  Location     Type
		None
 Auto vars:     Size  Location     Type
		None
 Return value:  Size  Location     Type
                  1    wreg      void 
 Registers used:
		wreg, fsr0l, fsr0h, status,2, status,0, pclath, cstack
 Tracked objects:
		On entry : 
		On exit  : 
		Unchanged: 
 Data sizes:     COMMON   BANK0   BANK1   BANK3   BANK2
      Params:         0       0       0       0       0
      Locals:         0       0       0       0       0
      Temps:          0       1       0       0       0
      Totals:         0       1       0       0       0
Total ram usage:        1 bytes
 Hardware stack levels used:    1
 Hardware stack levels required when called:    4
 This function calls:
		_ADC_CHS_CLKS
		_initOsc
 This function is called by:
		_main
 This function uses a non-reentrant model


 *************** function _initOsc *****************
 Defined at:
		line 6 in file "Oscilador.c"
 Parameters:    Size  Location     Type
  IRCF            1    wreg     unsigned char 
 Auto vars:     Size  Location     Type
  IRCF            1    2[BANK0 ] unsigned char 
 Return value:  Size  Location     Type
                  1    wreg      void 
 Registers used:
		wreg, fsr0l, fsr0h, status,2, status,0
 Tracked objects:
		On entry : 
		On exit  : 
		Unchanged: 
 Data sizes:     COMMON   BANK0   BANK1   BANK3   BANK2
      Params:         0       0       0       0       0
      Locals:         0       1       0       0       0
      Temps:          0       2       0       0       0
      Totals:         0       3       0       0       0
Total ram usage:        3 bytes
 Hardware stack levels used:    1
 Hardware stack levels required when called:    3
 This function calls:
		Nothing
 This function is called by:
		_Setup
 This function uses a non-reentrant model


 *************** function _ADC_CHS_CLKS *****************
 Defined at:
		line 2 in file "ADC.c"
 Parameters:    Size  Location     Type
  C               1    wreg     unsigned char 
  S               1    0[BANK0 ] unsigned char 
 Auto vars:     Size  Location     Type
  C               1    3[BANK0 ] unsigned char 
 Return value:  Size  Location     Type
                  1    wreg      void 
 Registers used:
		wreg, fsr0l, fsr0h, status,2, status,0
 Tracked objects:
		On entry : 
		On exit  : 
		Unchanged: 
 Data sizes:     COMMON   BANK0   BANK1   BANK3   BANK2
      Params:         0       1       0       0       0
      Locals:         0       1       0       0       0
      Temps:          0       2       0       0       0
      Totals:         0       4       0       0       0
Total ram usage:        4 bytes
 Hardware stack levels used:    1
 Hardware stack levels required when called:    3
 This function calls:
		Nothing
 This function is called by:
		_Setup
 This function uses a non-reentrant model


 *************** function _isr *****************
 Defined at:
		line 51 in file "main.c"
 Parameters:    Size  Location     Type
		None
 Auto vars:     Size  Location     Type
		None
 Return value:  Size  Location     Type
                  1    wreg      void 
 Registers used:
		wreg, fsr0l, fsr0h, status,2, status,0, pclath, cstack
 Tracked objects:
		On entry : 
		On exit  : 
		Unchanged: 
 Data sizes:     COMMON   BANK0   BANK1   BANK3   BANK2
      Params:         0       0       0       0       0
      Locals:         0       0       0       0       0
      Temps:          4       0       0       0       0
      Totals:         4       0       0       0       0
Total ram usage:        4 bytes
 Hardware stack levels used:    1
 Hardware stack levels required when called:    2
 This function calls:
		_pull
		_push_0
		_push_1
 This function is called by:
		Interrupt level 1
 This function uses a non-reentrant model


 *************** function _push_1 *****************
 Defined at:
		line 138 in file "main.c"
 Parameters:    Size  Location     Type
		None
 Auto vars:     Size  Location     Type
		None
 Return value:  Size  Location     Type
                  1    wreg      void 
 Registers used:
		wreg, status,2, status,0
 Tracked objects:
		On entry : 
		On exit  : 
		Unchanged: 
 Data sizes:     COMMON   BANK0   BANK1   BANK3   BANK2
      Params:         0       0       0       0       0
      Locals:         0       0       0       0       0
      Temps:          0       0       0       0       0
      Totals:         0       0       0       0       0
Total ram usage:        0 bytes
 Hardware stack levels used:    1
 This function calls:
		Nothing
 This function is called by:
		_isr
 This function uses a non-reentrant model


 *************** function _push_0 *****************
 Defined at:
		line 128 in file "main.c"
 Parameters:    Size  Location     Type
		None
 Auto vars:     Size  Location     Type
		None
 Return value:  Size  Location     Type
                  1    wreg      void 
 Registers used:
		wreg, status,2, status,0
 Tracked objects:
		On entry : 
		On exit  : 
		Unchanged: 
 Data sizes:     COMMON   BANK0   BANK1   BANK3   BANK2
      Params:         0       0       0       0       0
      Locals:         0       0       0       0       0
      Temps:          1       0       0       0       0
      Totals:         1       0       0       0       0
Total ram usage:        1 bytes
 Hardware stack levels used:    1
 This function calls:
		Nothing
 This function is called by:
		_isr
 This function uses a non-reentrant model


 *************** function _pull *****************
 Defined at:
		line 148 in file "main.c"
 Parameters:    Size  Location     Type
		None
 Auto vars:     Size  Location     Type
		None
 Return value:  Size  Location     Type
                  1    wreg      void 
 Registers used:
		wreg, fsr0l, fsr0h, status,2, status,0, pclath, cstack
 Tracked objects:
		On entry : 
		On exit  : 
		Unchanged: 
 Data sizes:     COMMON   BANK0   BANK1   BANK3   BANK2
      Params:         0       0       0       0       0
      Locals:         0       0       0       0       0
      Temps:          2       0       0       0       0
      Totals:         2       0       0       0       0
Total ram usage:        2 bytes
 Hardware stack levels used:    1
 Hardware stack levels required when called:    1
 This function calls:
		_TABLA_L
 This function is called by:
		_isr
 This function uses a non-reentrant model


 *************** function _TABLA_L *****************
 Defined at:
		line 2 in file "LEDSCAT.c"
 Parameters:    Size  Location     Type
  n               1    wreg     unsigned char 
 Auto vars:     Size  Location     Type
  n               1    2[COMMON] unsigned char 
 Return value:  Size  Location     Type
                  1    wreg      void 
 Registers used:
		wreg, fsr0l, fsr0h, status,2, status,0
 Tracked objects:
		On entry : 
		On exit  : 
		Unchanged: 
 Data sizes:     COMMON   BANK0   BANK1   BANK3   BANK2
      Params:         0       0       0       0       0
      Locals:         1       0       0       0       0
      Temps:          2       0       0       0       0
      Totals:         3       0       0       0       0
Total ram usage:        3 bytes
 Hardware stack levels used:    1
 This function calls:
		Nothing
 This function is called by:
		_pull
 This function uses a non-reentrant model



MODULE INFORMATION

Module		Function		Class		Link	Load	Size
LEDSCAT.c
		_TABLA_L       		CODE           	00C8	0000	141

LEDSCAT.c estimated size: 141

Oscilador.c
		_initOsc       		CODE           	0155	0000	94

Oscilador.c estimated size: 94

shared
		__initialization		CODE           	0011	0000	8

shared estimated size: 8

ADC.c
		_ADC_CHS_CLKS  		CODE           	001D	0000	171

ADC.c estimated size: 171

main.c
		_main          		CODE           	0277	0000	9
		_Setup         		CODE           	01B3	0000	60
		_push_0        		CODE           	0251	0000	20
		_isr           		CODE           	01EF	0000	50
		_pull          		CODE           	0221	0000	48
		_push_1        		CODE           	0265	0000	18

main.c estimated size: 205

