Microchip MPLAB XC8 Compiler V2.31

Linker command line:

-W-3 --edf=C:\Program Files\Microchip\xc8\v2.31\pic\dat\en_msgs.txt -cn \
  -h+dist/default/production\LAB3.X.production.sym \
  --cmf=dist/default/production\LAB3.X.production.cmf -z -Q16F887 \
  -oC:\Users\julit\AppData\Local\Temp\s10lg.2 --defsym=__MPLAB_BUILD=1 \
  -Mdist/default/production/LAB3.X.production.map -E1 -ver=XC8 Compiler \
  --acfsm=1493 -ASTACK=0110h-016Fh -pstack=STACK -ACODE=00h-07FFhx4 \
  -ASTRCODE=00h-01FFFh -ASTRING=00h-0FFhx32 -ACONST=00h-0FFhx32 \
  -AENTRY=00h-0FFhx32 -ACOMMON=070h-07Fh -ABANK0=020h-06Fh \
  -ABANK1=0A0h-0EFh -ABANK2=0110h-016Fh -ABANK3=0190h-01EFh \
  -ARAM=020h-06Fh,0A0h-0EFh,0110h-016Fh,0190h-01EFh \
  -AABS1=020h-07Fh,0A0h-0EFh,0110h-016Fh,0190h-01EFh -ASFR0=00h-01Fh \
  -ASFR1=080h-09Fh -ASFR2=0100h-010Fh -ASFR3=0180h-018Fh \
  -ACONFIG=02007h-02008h -DCONFIG=2 -AIDLOC=02000h-02003h -DIDLOC=2 \
  -AEEDATA=00h-0FFh/02100h -peeprom_data=EEDATA -DEEDATA=2 -DCODE=2 \
  -DSTRCODE=2 -DSTRING=2 -DCONST=2 -DENTRY=2 \
  -preset_vec=00h,intentry=04h,init,end_init -ppowerup=CODE -pcinit=CODE \
  -pfunctab=ENTRY -k C:\Users\julit\AppData\Local\Temp\s10lg.o \
  dist/default/production\LAB3.X.production.o 

Object code version is 3.11

Machine type is 16F887



                Name                               Link     Load   Length Selector   Space Scale
C:\Users\julit\AppData\Local\Temp\s10lg.o
                end_init                              E        E        3        8       0
                reset_vec                             0        0        3        0       0
                config                             2007     2007        2        0       4
dist/default/production\LAB3.X.production.o
                cinit                                11       11       13        8       0
                intentry                              4        4        A        8       0
                config                             2007     2007        2        0       4
                text23                              5E7      5E7       58        8       0
                text22                              63F      63F       3E        8       0
                text21                              4C1      4C1       69        8       0
                text20                              7DA      7DA       17      D68       0
                text19                              76B      76B       27      D68       0
                text18                              52A      52A       5F        8       0
                text17                              FCA      FCA        D     1F94       0
                text16                              FEA      FEA       16     1FD4       0
                text15                              FD7      FD7       13     1FAE       0
                text14                              7B7      7B7       23      D68       0
                text13                              740      740       2B      D68       0
                text12                              1A3      1A3      16D        8       0
                text11                              FA5      FA5        7     1F4A       0
                text10                              6E7      6E7       2E      D68       0
                text9                               FB4      FB4        B     1F68       0
                text8                               FBF      FBF        B     1F7E       0
                text7                               7F1      7F1        E      D68       0
                text6                               589      589       5E        8       0
                text5                               792      792       25      D68       0
                text4                               412      412       AF        8       0
                text3                                24       24      17F        8       0
                text2                               715      715       2B      D68       0
                text1                               6B4      6B4       33      D68       0
                maintext                            310      310      102        8       0
                cstackBANK0                          20       20       1C       20       1
                cstackCOMMON                         76       76        6       70       1
                clrtext                             FAC      FAC        8     1F58       0
                bssBANK0                             3C       3C       19       20       1
                bssCOMMON                            70       70        6       70       1
                strings                             67D      67D       37      CFA       0

TOTAL           Name                               Link     Load   Length     Space
        CLASS   STACK          

        CLASS   CODE           
                end_init                              E        E        3         0
                cinit                                11       11       13         0
                intentry                              4        4        A         0
                reset_vec                             0        0        3         0
                text23                              5E7      5E7       58         0
                text22                              63F      63F       3E         0
                text21                              4C1      4C1       69         0
                text20                              7DA      7DA       17         0
                text19                              76B      76B       27         0
                text18                              52A      52A       5F         0
                text17                              FCA      FCA        D         0
                text16                              FEA      FEA       16         0
                text15                              FD7      FD7       13         0
                text14                              7B7      7B7       23         0
                text13                              740      740       2B         0
                text12                              1A3      1A3      16D         0
                text11                              FA5      FA5        7         0
                text10                              6E7      6E7       2E         0
                text9                               FB4      FB4        B         0
                text8                               FBF      FBF        B         0
                text7                               7F1      7F1        E         0
                text6                               589      589       5E         0
                text5                               792      792       25         0
                text4                               412      412       AF         0
                text3                                24       24      17F         0
                text2                               715      715       2B         0
                text1                               6B4      6B4       33         0
                maintext                            310      310      102         0
                clrtext                             FAC      FAC        8         0

        CLASS   STRCODE        

        CLASS   STRING         
                strings                             67D      67D       37         0

        CLASS   CONST          

        CLASS   ENTRY          

        CLASS   COMMON         
                cstackCOMMON                         76       76        6         1
                bssCOMMON                            70       70        6         1

        CLASS   BANK0          
                cstackBANK0                          20       20       1C         1
                bssBANK0                             3C       3C       19         1

        CLASS   BANK1          

        CLASS   BANK2          

        CLASS   BANK3          

        CLASS   RAM            

        CLASS   ABS1           
                abs_s1                               7E       7E        2         1

        CLASS   SFR0           

        CLASS   SFR1           

        CLASS   SFR2           

        CLASS   SFR3           

        CLASS   CONFIG         
                config                             2007     2007        2         4

        CLASS   IDLOC          

        CLASS   EEDATA         



SEGMENTS        Name                           Load    Length   Top    Selector   Space  Class     Delta

                reset_vec                      000000  000003  000003         0       0  CODE        2
                intentry                       000004  000679  00067D         8       0  CODE        2
                cstackBANK0                    000020  000035  000055        20       1  BANK0       1
                bssCOMMON                      000070  00000C  00007C        70       1  COMMON      1
                strings                        00067D  000037  0006B4       CFA       0  STRING      2
                text1                          0006B4  00014B  0007FF       D68       0  CODE        2
                text11                         000FA5  000007  000FAC      1F4A       0  CODE        2
                clrtext                        000FAC  000008  000FB4      1F58       0  CODE        2
                text9                          000FB4  00000B  000FBF      1F68       0  CODE        2
                text8                          000FBF  00000B  000FCA      1F7E       0  CODE        2
                text17                         000FCA  00000D  000FD7      1F94       0  CODE        2
                text15                         000FD7  000013  000FEA      1FAE       0  CODE        2
                text16                         000FEA  000016  001000      1FD4       0  CODE        2


UNUSED ADDRESS RANGES

        Name                Unused          Largest block    Delta
        BANK0            0055-006F             1B           1
        BANK1            00A0-00EF             50           1
        BANK2            0110-016F             60           1
        BANK3            0190-01EF             60           1
        CODE             0003-0003              1           2
                         07FF-0FA4              1
                         1000-1FFF            800
        COMMON           007C-007D              2           1
        CONST            0003-0003              1           2
                         07FF-0FA4            100
                         1000-1FFF            100
        EEDATA           2100-21FF            100           2
        ENTRY            0003-0003              1           2
                         07FF-0FA4            100
                         1000-1FFF            100
        IDLOC            2000-2003              4           2
        RAM              0055-006F             1B           1
                         00A0-00EF             50
                         0110-016F             60
                         0190-01EF             60
        SFR0             0000-001F             20           1
        SFR1             0080-009F             20           1
        SFR2             0100-010F             10           1
        SFR3             0180-018F             10           1
        STACK            0110-016F             60           1
        STRCODE          0003-0003              1           2
                         07FF-0FA4            7A6
                         1000-1FFF           1000
        STRING           0003-0003              1           2
                         07FF-0FA4            100
                         1000-1FFF            100

                                  Symbol Table

?___awdiv                cstackBANK0  0026
?___wmul                 cstackBANK0  0020
ADC_CHS_CLKS@C           cstackBANK0  0023
ADC_CHS_CLKS@S           cstackBANK0  0020
LCDVAL1@Z                cstackBANK0  002D
LCDVAL1@x                cstackBANK0  002B
LCD_ON@C                 cstackBANK0  0022
LCD_P@D                  cstackBANK0  0023
LCD_PLAY@D               cstackBANK0  0021
LCD_POINT@D              cstackBANK0  0028
LCD_POINT@LOC            cstackBANK0  002A
LCD_POINT@x              cstackBANK0  0024
LCD_POINT@y              cstackBANK0  0026
_ADCON0bits              (abs)        001F
_ADCON1                  (abs)        009F
_ADC_CHS_CLKS            text4        0412
_ADIF                    (abs)        0066
_ADRESH                  (abs)        001E
_ANSEL                   (abs)        0188
_ANSELH                  (abs)        0189
_BAUDCTLbits             (abs)        0187
_CONVET                  text3        0024
_CONVET$1215             cstackBANK0  0037
_CONVET_cont             text18       052A
_GET                     bssCOMMON    0074
_INTCONbits              (abs)        000B
_L                       bssBANK0     0054
_LCDVAL1                 text12       01A3
_LCD_CL                  text11       0FA5
_LCD_IN                  text10       06E7
_LCD_ON                  text16       0FEA
_LCD_P                   text14       07B7
_LCD_PLAY                text15       0FD7
_LCD_POINT               text13       0740
_LCD_TIM                 text17       0FCA
_L_ADC                   text9        0FB4
_OSCCONbits              (abs)        008F
_PIE1bits                (abs)        008C
_PIR1bits                (abs)        000C
_PORTA                   (abs)        0005
_PORTB                   (abs)        0006
_PORTC                   (abs)        0007
_PORTD                   (abs)        0008
_PORTDbits               (abs)        0008
_PORTE                   (abs)        0009
_POT1_H                  bssBANK0     0048
_POT1_Has                bssBANK0     0042
_POT1_T                  bssBANK0     0046
_POT1_Tas                bssBANK0     0040
_POT1_U                  bssBANK0     004A
_POT1_Uas                bssBANK0     0044
_POT2_H                  bssBANK0     0047
_POT2_Has                bssBANK0     0041
_POT2_T                  bssBANK0     0045
_POT2_Tas                bssBANK0     003F
_POT2_U                  bssBANK0     0049
_POT2_Uas                bssBANK0     0043
_Q                       bssBANK0     0052
_RCREG                   (abs)        001A
_RCSTAbits               (abs)        0018
_SET_RXT                 text8        0FBF
_SET_TXR                 text7        07F1
_SPBRG                   (abs)        0099
_Setup                   text5        0792
_TMR0                    (abs)        0001
_TRISA                   (abs)        0085
_TRISB                   (abs)        0086
_TRISC                   (abs)        0087
_TRISD                   (abs)        0088
_TRISDbits               (abs)        0088
_TRISE                   (abs)        0089
_TXREG                   (abs)        0019
_TXSTAbits               (abs)        0098
_W                       bssCOMMON    0071
__Habs1                  abs1         0000
__Hbank0                 bank0        0000
__Hbank1                 bank1        0000
__Hbank2                 bank2        0000
__Hbank3                 bank3        0000
__HbssBANK0              bssBANK0     0000
__HbssCOMMON             bssCOMMON    0000
__Hcinit                 cinit        0024
__Hclrtext               clrtext      0000
__Hcode                  code         0000
__Hcommon                common       0000
__Hconfig                config       2009
__HcstackBANK0           cstackBANK0  0000
__HcstackCOMMON          cstackCOMMON 0000
__Heeprom_data           eeprom_data  0000
__Hend_init              end_init     0011
__Hfunctab               functab      0000
__Hinit                  init         000E
__Hintentry              intentry     000E
__Hmaintext              maintext     0000
__Hpowerup               powerup      0000
__Hram                   ram          0000
__Hreset_vec             reset_vec    0003
__Hsfr0                  sfr0         0000
__Hsfr1                  sfr1         0000
__Hsfr2                  sfr2         0000
__Hsfr3                  sfr3         0000
__Hspace_0               (abs)        1000
__Hspace_1               (abs)        007C
__Hspace_2               (abs)        0000
__Hspace_3               (abs)        0000
__Hspace_4               (abs)        4010
__Hstack                 stack        0000
__Hstrings               strings      0000
__Htext                  text         0000
__Labs1                  abs1         0000
__Lbank0                 bank0        0000
__Lbank1                 bank1        0000
__Lbank2                 bank2        0000
__Lbank3                 bank3        0000
__LbssBANK0              bssBANK0     0000
__LbssCOMMON             bssCOMMON    0000
__Lcinit                 cinit        0011
__Lclrtext               clrtext      0000
__Lcode                  code         0000
__Lcommon                common       0000
__Lconfig                config       0000
__LcstackBANK0           cstackBANK0  0000
__LcstackCOMMON          cstackCOMMON 0000
__Leeprom_data           eeprom_data  0000
__Lend_init              end_init     000E
__Lfunctab               functab      0000
__Linit                  init         000E
__Lintentry              intentry     0004
__Lmaintext              maintext     0000
__Lpowerup               powerup      0000
__Lram                   ram          0000
__Lreset_vec             reset_vec    0000
__Lsfr0                  sfr0         0000
__Lsfr1                  sfr1         0000
__Lsfr2                  sfr2         0000
__Lsfr3                  sfr3         0000
__Lspace_0               (abs)        0000
__Lspace_1               (abs)        0000
__Lspace_2               (abs)        0000
__Lspace_3               (abs)        0000
__Lspace_4               (abs)        0000
__Lstack                 stack        0000
__Lstrings               strings      0000
__Ltext                  text         0000
__S0                     (abs)        1000
__S1                     (abs)        007C
__S2                     (abs)        0000
__S3                     (abs)        0000
___awdiv                 text21       04C1
___awdiv@counter         cstackBANK0  002B
___awdiv@dividend        cstackBANK0  0028
___awdiv@divisor         cstackBANK0  0026
___awdiv@quotient        cstackBANK0  002D
___awdiv@sign            cstackBANK0  002C
___bmul                  text20       07DA
___bmul@multiplicand     cstackBANK0  0020
___bmul@multiplier       cstackBANK0  0023
___bmul@product          cstackBANK0  0022
___int_sp                stack        0000
___latbits               (abs)        0002
___sp                    stack        0000
___stackhi               (abs)        0000
___stacklo               (abs)        0000
___wmul                  text19       076B
___wmul@multiplicand     cstackBANK0  0022
___wmul@multiplier       cstackBANK0  0020
___wmul@product          cstackBANK0  0024
__end_of_ADC_CHS_CLKS    text4        04C1
__end_of_CONVET          text3        01A3
__end_of_CONVET_cont     text18       0589
__end_of_LCDVAL1         text12       0310
__end_of_LCD_CL          text11       0FAC
__end_of_LCD_IN          text10       0715
__end_of_LCD_ON          text16       1000
__end_of_LCD_P           text14       07DA
__end_of_LCD_PLAY        text15       0FEA
__end_of_LCD_POINT       text13       076B
__end_of_LCD_TIM         text17       0FD7
__end_of_L_ADC           text9        0FBF
__end_of_SET_RXT         text8        0FCA
__end_of_SET_TXR         text7        07FF
__end_of_Setup           text5        07B7
__end_of___awdiv         text21       052A
__end_of___bmul          text20       07F1
__end_of___wmul          text19       0792
__end_of__initialization cinit        0020
__end_of__stringtab      strings      0683
__end_of_initOsc         text6        05E7
__end_of_isr             text22       067D
__end_of_main            maintext     0412
__end_of_pull            text2        0740
__end_of_push            text1        06E7
__end_of_send            text23       063F
__initialization         cinit        0011
__pbssBANK0              bssBANK0     003C
__pbssCOMMON             bssCOMMON    0070
__pcstackBANK0           cstackBANK0  0020
__pcstackCOMMON          cstackCOMMON 0076
__pintentry              intentry     0004
__pmaintext              maintext     0310
__pstrings               strings      067D
__ptext1                 text1        06B4
__ptext10                text10       06E7
__ptext11                text11       0FA5
__ptext12                text12       01A3
__ptext13                text13       0740
__ptext14                text14       07B7
__ptext15                text15       0FD7
__ptext16                text16       0FEA
__ptext17                text17       0FCA
__ptext18                text18       052A
__ptext19                text19       076B
__ptext2                 text2        0715
__ptext20                text20       07DA
__ptext21                text21       04C1
__ptext22                text22       063F
__ptext23                text23       05E7
__ptext3                 text3        0024
__ptext4                 text4        0412
__ptext5                 text5        0792
__ptext6                 text6        0589
__ptext7                 text7        07F1
__ptext8                 text8        0FBF
__ptext9                 text9        0FB4
__size_of_ADC_CHS_CLKS   (abs)        0000
__size_of_CONVET         (abs)        0000
__size_of_CONVET_cont    (abs)        0000
__size_of_LCDVAL1        (abs)        0000
__size_of_LCD_CL         (abs)        0000
__size_of_LCD_IN         (abs)        0000
__size_of_LCD_ON         (abs)        0000
__size_of_LCD_P          (abs)        0000
__size_of_LCD_PLAY       (abs)        0000
__size_of_LCD_POINT      (abs)        0000
__size_of_LCD_TIM        (abs)        0000
__size_of_L_ADC          (abs)        0000
__size_of_SET_RXT        (abs)        0000
__size_of_SET_TXR        (abs)        0000
__size_of_Setup          (abs)        0000
__size_of___awdiv        (abs)        0000
__size_of___bmul         (abs)        0000
__size_of___wmul         (abs)        0000
__size_of_initOsc        (abs)        0000
__size_of_isr            (abs)        0000
__size_of_main           (abs)        0000
__size_of_pull           (abs)        0000
__size_of_push           (abs)        0000
__size_of_send           (abs)        0000
__stringbase             strings      0682
__stringtab              strings      067D
_cont                    bssBANK0     004B
_cont_1                  bssBANK0     003E
_cont_2                  bssBANK0     003D
_cont_3                  bssBANK0     003C
_initOsc                 text6        0589
_isr                     text22       063F
_l                       bssBANK0     0053
_main                    maintext     0310
_pull                    text2        0715
_push                    text1        06B4
_r                       bssCOMMON    0072
_send                    text23       05E7
_tem1                    bssBANK0     004D
_tem2                    bssBANK0     004C
_w                       bssCOMMON    0070
_z                       bssCOMMON    0075
btemp                    (abs)        007E
clear_ram0               clrtext      0FAC
end_of_initialization    cinit        0020
initOsc@IRCF             cstackBANK0  0022
interrupt_function       intentry     0004
intlevel0                functab      0000
intlevel1                functab      0000
intlevel2                functab      0000
intlevel3                functab      0000
intlevel4                functab      0000
intlevel5                functab      0000
reset_vec                reset_vec    0000
saved_w                  (abs)        007E
start                    init         000E
start_initialization     cinit        0011
wtemp0                   (abs)        007E


FUNCTION INFORMATION:

 *************** function _main *****************
 Defined at:
		line 76 in file "LCD16X2.c"
 Parameters:    Size  Location     Type
		None
 Auto vars:     Size  Location     Type
		None
 Return value:  Size  Location     Type
                  1    wreg      void 
 Registers used:
		wreg, fsr0l, fsr0h, status,2, status,0, pclath, cstack
 Tracked objects:
		On entry : 
		On exit  : 
		Unchanged: 
 Data sizes:     COMMON   BANK0   BANK1   BANK3   BANK2
      Params:         0       0       0       0       0
      Locals:         0       0       0       0       0
      Temps:          0       2       0       0       0
      Totals:         0       2       0       0       0
Total ram usage:        2 bytes
 Hardware stack levels required when called:    7
 This function calls:
		_CONVET_cont
		_LCDVAL1
		_LCD_CL
		_LCD_IN
		_LCD_POINT
		_L_ADC
		_SET_RXT
		_SET_TXR
		_Setup
		_pull
		_push
 This function is called by:
		Startup code after reset
 This function uses a non-reentrant model


 *************** function _push *****************
 Defined at:
		line 207 in file "LCD16X2.c"
 Parameters:    Size  Location     Type
		None
 Auto vars:     Size  Location     Type
		None
 Return value:  Size  Location     Type
                  1    wreg      void 
 Registers used:
		wreg, status,2, status,0
 Tracked objects:
		On entry : 
		On exit  : 
		Unchanged: 
 Data sizes:     COMMON   BANK0   BANK1   BANK3   BANK2
      Params:         0       0       0       0       0
      Locals:         0       0       0       0       0
      Temps:          0       1       0       0       0
      Totals:         0       1       0       0       0
Total ram usage:        1 bytes
 Hardware stack levels used:    1
 Hardware stack levels required when called:    2
 This function calls:
		Nothing
 This function is called by:
		_main
 This function uses a non-reentrant model


 *************** function _pull *****************
 Defined at:
		line 133 in file "LCD16X2.c"
 Parameters:    Size  Location     Type
		None
 Auto vars:     Size  Location     Type
		None
 Return value:  Size  Location     Type
                  1    wreg      void 
 Registers used:
		wreg, fsr0l, fsr0h, status,2, status,0, pclath, cstack
 Tracked objects:
		On entry : 
		On exit  : 
		Unchanged: 
 Data sizes:     COMMON   BANK0   BANK1   BANK3   BANK2
      Params:         0       0       0       0       0
      Locals:         0       0       0       0       0
      Temps:          0       1       0       0       0
      Totals:         0       1       0       0       0
Total ram usage:        1 bytes
 Hardware stack levels used:    1
 Hardware stack levels required when called:    4
 This function calls:
		_ADC_CHS_CLKS
		_CONVET
 This function is called by:
		_main
 This function uses a non-reentrant model


 *************** function _CONVET *****************
 Defined at:
		line 151 in file "LCD16X2.c"
 Parameters:    Size  Location     Type
		None
 Auto vars:     Size  Location     Type
		None
 Return value:  Size  Location     Type
                  1    wreg      void 
 Registers used:
		wreg, status,2, status,0, pclath, cstack
 Tracked objects:
		On entry : 
		On exit  : 
		Unchanged: 
 Data sizes:     COMMON   BANK0   BANK1   BANK3   BANK2
      Params:         0       0       0       0       0
      Locals:         0       2       0       0       0
      Temps:          0       8       0       0       0
      Totals:         0      10       0       0       0
Total ram usage:       10 bytes
 Hardware stack levels used:    1
 Hardware stack levels required when called:    3
 This function calls:
		___awdiv
		___bmul
		___wmul
 This function is called by:
		_pull
 This function uses a non-reentrant model


 *************** function _ADC_CHS_CLKS *****************
 Defined at:
		line 3 in file "ADC.c"
 Parameters:    Size  Location     Type
  C               1    wreg     unsigned char 
  S               1    0[BANK0 ] unsigned char 
 Auto vars:     Size  Location     Type
  C               1    3[BANK0 ] unsigned char 
 Return value:  Size  Location     Type
                  1    wreg      void 
 Registers used:
		wreg, fsr0l, fsr0h, status,2, status,0
 Tracked objects:
		On entry : 
		On exit  : 
		Unchanged: 
 Data sizes:     COMMON   BANK0   BANK1   BANK3   BANK2
      Params:         0       1       0       0       0
      Locals:         0       1       0       0       0
      Temps:          0       2       0       0       0
      Totals:         0       4       0       0       0
Total ram usage:        4 bytes
 Hardware stack levels used:    1
 Hardware stack levels required when called:    2
 This function calls:
		Nothing
 This function is called by:
		_pull
 This function uses a non-reentrant model


 *************** function _Setup *****************
 Defined at:
		line 108 in file "LCD16X2.c"
 Parameters:    Size  Location     Type
		None
 Auto vars:     Size  Location     Type
		None
 Return value:  Size  Location     Type
                  1    wreg      void 
 Registers used:
		wreg, fsr0l, fsr0h, status,2, status,0, pclath, cstack
 Tracked objects:
		On entry : 
		On exit  : 
		Unchanged: 
 Data sizes:     COMMON   BANK0   BANK1   BANK3   BANK2
      Params:         0       0       0       0       0
      Locals:         0       0       0       0       0
      Temps:          0       0       0       0       0
      Totals:         0       0       0       0       0
Total ram usage:        0 bytes
 Hardware stack levels used:    1
 Hardware stack levels required when called:    3
 This function calls:
		_initOsc
 This function is called by:
		_main
 This function uses a non-reentrant model


 *************** function _initOsc *****************
 Defined at:
		line 6 in file "Oscilador.c"
 Parameters:    Size  Location     Type
  IRCF            1    wreg     unsigned char 
 Auto vars:     Size  Location     Type
  IRCF            1    2[BANK0 ] unsigned char 
 Return value:  Size  Location     Type
                  1    wreg      void 
 Registers used:
		wreg, fsr0l, fsr0h, status,2, status,0
 Tracked objects:
		On entry : 
		On exit  : 
		Unchanged: 
 Data sizes:     COMMON   BANK0   BANK1   BANK3   BANK2
      Params:         0       0       0       0       0
      Locals:         0       1       0       0       0
      Temps:          0       2       0       0       0
      Totals:         0       3       0       0       0
Total ram usage:        3 bytes
 Hardware stack levels used:    1
 Hardware stack levels required when called:    2
 This function calls:
		Nothing
 This function is called by:
		_Setup
 This function uses a non-reentrant model


 *************** function _SET_TXR *****************
 Defined at:
		line 4 in file "EAUSART.c"
 Parameters:    Size  Location     Type
		None
 Auto vars:     Size  Location     Type
		None
 Return value:  Size  Location     Type
                  1    wreg      void 
 Registers used:
		wreg
 Tracked objects:
		On entry : 
		On exit  : 
		Unchanged: 
 Data sizes:     COMMON   BANK0   BANK1   BANK3   BANK2
      Params:         0       0       0       0       0
      Locals:         0       0       0       0       0
      Temps:          0       0       0       0       0
      Totals:         0       0       0       0       0
Total ram usage:        0 bytes
 Hardware stack levels used:    1
 Hardware stack levels required when called:    2
 This function calls:
		Nothing
 This function is called by:
		_main
 This function uses a non-reentrant model


 *************** function _SET_RXT *****************
 Defined at:
		line 12 in file "EAUSART.c"
 Parameters:    Size  Location     Type
		None
 Auto vars:     Size  Location     Type
		None
 Return value:  Size  Location     Type
                  1    wreg      void 
 Registers used:
		None
 Tracked objects:
		On entry : 
		On exit  : 
		Unchanged: 
 Data sizes:     COMMON   BANK0   BANK1   BANK3   BANK2
      Params:         0       0       0       0       0
      Locals:         0       0       0       0       0
      Temps:          0       0       0       0       0
      Totals:         0       0       0       0       0
Total ram usage:        0 bytes
 Hardware stack levels used:    1
 Hardware stack levels required when called:    2
 This function calls:
		Nothing
 This function is called by:
		_main
 This function uses a non-reentrant model


 *************** function _L_ADC *****************
 Defined at:
		line 145 in file "LCD16X2.c"
 Parameters:    Size  Location     Type
		None
 Auto vars:     Size  Location     Type
		None
 Return value:  Size  Location     Type
                  1    wreg      void 
 Registers used:
		wreg, status,2
 Tracked objects:
		On entry : 
		On exit  : 
		Unchanged: 
 Data sizes:     COMMON   BANK0   BANK1   BANK3   BANK2
      Params:         0       0       0       0       0
      Locals:         0       0       0       0       0
      Temps:          0       0       0       0       0
      Totals:         0       0       0       0       0
Total ram usage:        0 bytes
 Hardware stack levels used:    1
 Hardware stack levels required when called:    2
 This function calls:
		Nothing
 This function is called by:
		_main
 This function uses a non-reentrant model


 *************** function _LCD_IN *****************
 Defined at:
		line 6 in file "SETLCD.c"
 Parameters:    Size  Location     Type
		None
 Auto vars:     Size  Location     Type
		None
 Return value:  Size  Location     Type
                  1    wreg      void 
 Registers used:
		wreg, status,2, status,0, pclath, cstack
 Tracked objects:
		On entry : 
		On exit  : 
		Unchanged: 
 Data sizes:     COMMON   BANK0   BANK1   BANK3   BANK2
      Params:         0       0       0       0       0
      Locals:         0       0       0       0       0
      Temps:          0       2       0       0       0
      Totals:         0       2       0       0       0
Total ram usage:        2 bytes
 Hardware stack levels used:    1
 Hardware stack levels required when called:    4
 This function calls:
		_LCD_ON
 This function is called by:
		_main
 This function uses a non-reentrant model


 *************** function _LCD_CL *****************
 Defined at:
		line 36 in file "SETLCD.c"
 Parameters:    Size  Location     Type
		None
 Auto vars:     Size  Location     Type
		None
 Return value:  Size  Location     Type
                  1    wreg      void 
 Registers used:
		wreg, status,2, status,0, pclath, cstack
 Tracked objects:
		On entry : 
		On exit  : 
		Unchanged: 
 Data sizes:     COMMON   BANK0   BANK1   BANK3   BANK2
      Params:         0       0       0       0       0
      Locals:         0       0       0       0       0
      Temps:          0       0       0       0       0
      Totals:         0       0       0       0       0
Total ram usage:        0 bytes
 Hardware stack levels used:    1
 Hardware stack levels required when called:    4
 This function calls:
		_LCD_ON
 This function is called by:
		_main
 This function uses a non-reentrant model


 *************** function _LCDVAL1 *****************
 Defined at:
		line 61 in file "SETLCD.c"
 Parameters:    Size  Location     Type
  x               2   11[BANK0 ] int 
  Z               2   13[BANK0 ] int 
 Auto vars:     Size  Location     Type
		None
 Return value:  Size  Location     Type
                  1    wreg      void 
 Registers used:
		wreg, fsr0l, fsr0h, status,2, status,0, pclath, cstack
 Tracked objects:
		On entry : 
		On exit  : 
		Unchanged: 
 Data sizes:     COMMON   BANK0   BANK1   BANK3   BANK2
      Params:         0       4       0       0       0
      Locals:         0       0       0       0       0
      Temps:          0       1       0       0       0
      Totals:         0       5       0       0       0
Total ram usage:        5 bytes
 Hardware stack levels used:    1
 Hardware stack levels required when called:    6
 This function calls:
		_LCD_POINT
 This function is called by:
		_main
 This function uses a non-reentrant model


 *************** function _LCD_POINT *****************
 Defined at:
		line 45 in file "SETLCD.c"
 Parameters:    Size  Location     Type
  x               2    4[BANK0 ] int 
  y               2    6[BANK0 ] int 
  D               1    8[BANK0 ] PTR unsigned char 
		 -> STR_18(2), STR_17(2), STR_16(2), STR_15(2), 
		 -> STR_14(2), STR_13(2), STR_12(2), STR_11(2), 
		 -> STR_10(2), STR_9(2), STR_8(2), STR_7(2), 
		 -> STR_6(2), STR_5(2), STR_4(2), STR_3(2), 
		 -> STR_2(2), STR_1(15), 
 Auto vars:     Size  Location     Type
  LOC             1   10[BANK0 ] unsigned char 
 Return value:  Size  Location     Type
                  1    wreg      void 
 Registers used:
		wreg, fsr0l, fsr0h, status,2, status,0, pclath, cstack
 Tracked objects:
		On entry : 
		On exit  : 
		Unchanged: 
 Data sizes:     COMMON   BANK0   BANK1   BANK3   BANK2
      Params:         0       5       0       0       0
      Locals:         0       1       0       0       0
      Temps:          0       1       0       0       0
      Totals:         0       7       0       0       0
Total ram usage:        7 bytes
 Hardware stack levels used:    1
 Hardware stack levels required when called:    5
 This function calls:
		_LCD_ON
		_LCD_P
 This function is called by:
		_main
		_LCDVAL1
 This function uses a non-reentrant model


 *************** function _LCD_P *****************
 Defined at:
		line 39 in file "SETLCD.c"
 Parameters:    Size  Location     Type
  D               1    wreg     PTR unsigned char 
		 -> STR_18(2), STR_17(2), STR_16(2), STR_15(2), 
		 -> STR_14(2), STR_13(2), STR_12(2), STR_11(2), 
		 -> STR_10(2), STR_9(2), STR_8(2), STR_7(2), 
		 -> STR_6(2), STR_5(2), STR_4(2), STR_3(2), 
		 -> STR_2(2), STR_1(15), 
 Auto vars:     Size  Location     Type
  D               1    3[BANK0 ] PTR unsigned char 
		 -> STR_18(2), STR_17(2), STR_16(2), STR_15(2), 
		 -> STR_14(2), STR_13(2), STR_12(2), STR_11(2), 
		 -> STR_10(2), STR_9(2), STR_8(2), STR_7(2), 
		 -> STR_6(2), STR_5(2), STR_4(2), STR_3(2), 
		 -> STR_2(2), STR_1(15), 
 Return value:  Size  Location     Type
                  1    wreg      void 
 Registers used:
		wreg, fsr0l, fsr0h, status,2, status,0, pclath, cstack
 Tracked objects:
		On entry : 
		On exit  : 
		Unchanged: 
 Data sizes:     COMMON   BANK0   BANK1   BANK3   BANK2
      Params:         0       0       0       0       0
      Locals:         0       1       0       0       0
      Temps:          0       1       0       0       0
      Totals:         0       2       0       0       0
Total ram usage:        2 bytes
 Hardware stack levels used:    1
 Hardware stack levels required when called:    4
 This function calls:
		_LCD_PLAY
 This function is called by:
		_LCD_POINT
 This function uses a non-reentrant model


 *************** function _LCD_PLAY *****************
 Defined at:
		line 30 in file "SETLCD.c"
 Parameters:    Size  Location     Type
  D               1    wreg     unsigned char 
 Auto vars:     Size  Location     Type
  D               1    1[BANK0 ] unsigned char 
 Return value:  Size  Location     Type
                  1    wreg      void 
 Registers used:
		wreg, status,2, status,0, pclath, cstack
 Tracked objects:
		On entry : 
		On exit  : 
		Unchanged: 
 Data sizes:     COMMON   BANK0   BANK1   BANK3   BANK2
      Params:         0       0       0       0       0
      Locals:         0       1       0       0       0
      Temps:          0       1       0       0       0
      Totals:         0       2       0       0       0
Total ram usage:        2 bytes
 Hardware stack levels used:    1
 Hardware stack levels required when called:    3
 This function calls:
		_LCD_TIM
 This function is called by:
		_LCD_P
 This function uses a non-reentrant model


 *************** function _LCD_ON *****************
 Defined at:
		line 19 in file "SETLCD.c"
 Parameters:    Size  Location     Type
  C               1    wreg     unsigned char 
 Auto vars:     Size  Location     Type
  C               1    2[BANK0 ] unsigned char 
 Return value:  Size  Location     Type
                  1    wreg      void 
 Registers used:
		wreg, status,2, status,0, pclath, cstack
 Tracked objects:
		On entry : 
		On exit  : 
		Unchanged: 
 Data sizes:     COMMON   BANK0   BANK1   BANK3   BANK2
      Params:         0       0       0       0       0
      Locals:         0       1       0       0       0
      Temps:          0       2       0       0       0
      Totals:         0       3       0       0       0
Total ram usage:        3 bytes
 Hardware stack levels used:    1
 Hardware stack levels required when called:    3
 This function calls:
		_LCD_TIM
 This function is called by:
		_LCD_IN
		_LCD_CL
		_LCD_POINT
 This function uses a non-reentrant model


 *************** function _LCD_TIM *****************
 Defined at:
		line 25 in file "SETLCD.c"
 Parameters:    Size  Location     Type
		None
 Auto vars:     Size  Location     Type
		None
 Return value:  Size  Location     Type
                  1    wreg      void 
 Registers used:
		None
 Tracked objects:
		On entry : 
		On exit  : 
		Unchanged: 
 Data sizes:     COMMON   BANK0   BANK1   BANK3   BANK2
      Params:         0       0       0       0       0
      Locals:         0       0       0       0       0
      Temps:          0       0       0       0       0
      Totals:         0       0       0       0       0
Total ram usage:        0 bytes
 Hardware stack levels used:    1
 Hardware stack levels required when called:    2
 This function calls:
		Nothing
 This function is called by:
		_LCD_ON
		_LCD_PLAY
 This function uses a non-reentrant model


 *************** function _CONVET_cont *****************
 Defined at:
		line 220 in file "LCD16X2.c"
 Parameters:    Size  Location     Type
		None
 Auto vars:     Size  Location     Type
		None
 Return value:  Size  Location     Type
                  1    wreg      void 
 Registers used:
		wreg, status,2, status,0, pclath, cstack
 Tracked objects:
		On entry : 
		On exit  : 
		Unchanged: 
 Data sizes:     COMMON   BANK0   BANK1   BANK3   BANK2
      Params:         0       0       0       0       0
      Locals:         0       0       0       0       0
      Temps:          0       4       0       0       0
      Totals:         0       4       0       0       0
Total ram usage:        4 bytes
 Hardware stack levels used:    1
 Hardware stack levels required when called:    3
 This function calls:
		___awdiv
		___bmul
		___wmul
 This function is called by:
		_main
 This function uses a non-reentrant model


 *************** function ___wmul *****************
 Defined at:
		line 15 in file "C:\Program Files\Microchip\xc8\v2.31\pic\sources\c90\common\Umul16.c"
 Parameters:    Size  Location     Type
  multiplier      2    0[BANK0 ] unsigned int 
  multiplicand    2    2[BANK0 ] unsigned int 
 Auto vars:     Size  Location     Type
  product         2    4[BANK0 ] unsigned int 
 Return value:  Size  Location     Type
                  2    0[BANK0 ] unsigned int 
 Registers used:
		wreg, status,2, status,0
 Tracked objects:
		On entry : 
		On exit  : 
		Unchanged: 
 Data sizes:     COMMON   BANK0   BANK1   BANK3   BANK2
      Params:         0       4       0       0       0
      Locals:         0       2       0       0       0
      Temps:          0       0       0       0       0
      Totals:         0       6       0       0       0
Total ram usage:        6 bytes
 Hardware stack levels used:    1
 Hardware stack levels required when called:    2
 This function calls:
		Nothing
 This function is called by:
		_CONVET
		_CONVET_cont
 This function uses a non-reentrant model


 *************** function ___bmul *****************
 Defined at:
		line 4 in file "C:\Program Files\Microchip\xc8\v2.31\pic\sources\c90\common\Umul8.c"
 Parameters:    Size  Location     Type
  multiplier      1    wreg     unsigned char 
  multiplicand    1    0[BANK0 ] unsigned char 
 Auto vars:     Size  Location     Type
  multiplier      1    3[BANK0 ] unsigned char 
  product         1    2[BANK0 ] unsigned char 
 Return value:  Size  Location     Type
                  1    wreg      unsigned char 
 Registers used:
		wreg, status,2, status,0
 Tracked objects:
		On entry : 
		On exit  : 
		Unchanged: 
 Data sizes:     COMMON   BANK0   BANK1   BANK3   BANK2
      Params:         0       1       0       0       0
      Locals:         0       2       0       0       0
      Temps:          0       1       0       0       0
      Totals:         0       4       0       0       0
Total ram usage:        4 bytes
 Hardware stack levels used:    1
 Hardware stack levels required when called:    2
 This function calls:
		Nothing
 This function is called by:
		_CONVET
		_CONVET_cont
 This function uses a non-reentrant model


 *************** function ___awdiv *****************
 Defined at:
		line 5 in file "C:\Program Files\Microchip\xc8\v2.31\pic\sources\c90\common\awdiv.c"
 Parameters:    Size  Location     Type
  divisor         2    6[BANK0 ] int 
  dividend        2    8[BANK0 ] int 
 Auto vars:     Size  Location     Type
  quotient        2   13[BANK0 ] int 
  sign            1   12[BANK0 ] unsigned char 
  counter         1   11[BANK0 ] unsigned char 
 Return value:  Size  Location     Type
                  2    6[BANK0 ] int 
 Registers used:
		wreg, status,2, status,0
 Tracked objects:
		On entry : 
		On exit  : 
		Unchanged: 
 Data sizes:     COMMON   BANK0   BANK1   BANK3   BANK2
      Params:         0       4       0       0       0
      Locals:         0       4       0       0       0
      Temps:          0       1       0       0       0
      Totals:         0       9       0       0       0
Total ram usage:        9 bytes
 Hardware stack levels used:    1
 Hardware stack levels required when called:    2
 This function calls:
		Nothing
 This function is called by:
		_CONVET
		_CONVET_cont
 This function uses a non-reentrant model


 *************** function _isr *****************
 Defined at:
		line 54 in file "LCD16X2.c"
 Parameters:    Size  Location     Type
		None
 Auto vars:     Size  Location     Type
		None
 Return value:  Size  Location     Type
                  1    wreg      void 
 Registers used:
		wreg, fsr0l, fsr0h, status,2, status,0, pclath, cstack
 Tracked objects:
		On entry : 
		On exit  : 
		Unchanged: 
 Data sizes:     COMMON   BANK0   BANK1   BANK3   BANK2
      Params:         0       0       0       0       0
      Locals:         0       0       0       0       0
      Temps:          4       0       0       0       0
      Totals:         4       0       0       0       0
Total ram usage:        4 bytes
 Hardware stack levels used:    1
 Hardware stack levels required when called:    1
 This function calls:
		_send
 This function is called by:
		Interrupt level 1
 This function uses a non-reentrant model


 *************** function _send *****************
 Defined at:
		line 169 in file "LCD16X2.c"
 Parameters:    Size  Location     Type
		None
 Auto vars:     Size  Location     Type
		None
 Return value:  Size  Location     Type
                  1    wreg      void 
 Registers used:
		wreg, fsr0l, fsr0h, status,2, status,0
 Tracked objects:
		On entry : 
		On exit  : 
		Unchanged: 
 Data sizes:     COMMON   BANK0   BANK1   BANK3   BANK2
      Params:         0       0       0       0       0
      Locals:         0       0       0       0       0
      Temps:          2       0       0       0       0
      Totals:         2       0       0       0       0
Total ram usage:        2 bytes
 Hardware stack levels used:    1
 This function calls:
		Nothing
 This function is called by:
		_isr
 This function uses a non-reentrant model



MODULE INFORMATION

Module		Function		Class		Link	Load	Size
LCD16X2.c
		_L_ADC         		CODE           	0FB4	0000	11
		_main          		CODE           	0310	0000	258
		_CONVET_cont   		CODE           	052A	0000	95
		_Setup         		CODE           	0792	0000	37
		_isr           		CODE           	063F	0000	62
		_push          		CODE           	06B4	0000	51
		_pull          		CODE           	0715	0000	43
		_send          		CODE           	05E7	0000	88
		_CONVET        		CODE           	0024	0000	383

LCD16X2.c estimated size: 1028

C:\Program Files\Microchip\xc8\v2.31\pic\sources\c90\common\Umul16.c
		___wmul        		CODE           	076B	0000	39

C:\Program Files\Microchip\xc8\v2.31\pic\sources\c90\common\Umul16.c estimated size: 39

SETLCD.c
		_LCD_PLAY      		CODE           	0FD7	0000	19
		_LCD_CL        		CODE           	0FA5	0000	7
		_LCD_P         		CODE           	07B7	0000	35
		_LCD_POINT     		CODE           	0740	0000	43
		_LCDVAL1       		CODE           	01A3	0000	365
		_LCD_IN        		CODE           	06E7	0000	46
		_LCD_ON        		CODE           	0FEA	0000	22
		_LCD_TIM       		CODE           	0FCA	0000	13

SETLCD.c estimated size: 550

Oscilador.c
		_initOsc       		CODE           	0589	0000	94

Oscilador.c estimated size: 94

C:\Program Files\Microchip\xc8\v2.31\pic\sources\c90\common\awdiv.c
		___awdiv       		CODE           	04C1	0000	105

C:\Program Files\Microchip\xc8\v2.31\pic\sources\c90\common\awdiv.c estimated size: 105

shared
		__stringtab    		STRING         	067D	0000	6
		__initialization		CODE           	0011	0000	15

shared estimated size: 21

ADC.c
		_ADC_CHS_CLKS  		CODE           	0412	0000	175

ADC.c estimated size: 175

EAUSART.c
		_SET_TXR       		CODE           	07F1	0000	14
		_SET_RXT       		CODE           	0FBF	0000	11

EAUSART.c estimated size: 25

C:\Program Files\Microchip\xc8\v2.31\pic\sources\c90\common\Umul8.c
		___bmul        		CODE           	07DA	0000	23

C:\Program Files\Microchip\xc8\v2.31\pic\sources\c90\common\Umul8.c estimated size: 23

